 VMProtectSDK32

 Timestamp is 69f8e584 (Tue May  5 02:29:24 2026)

 Preferred load address is 10000000

 Start         Length     Name                   Class
 0001:00000000 00000010H .text$di                CODE
 0001:00000010 00012637H .text$mn                CODE
 0001:00012647 000000d5H .text$x                 CODE
 0002:00000000 00000118H .idata$5                DATA
 0002:00000118 00000008H .00cfg                  DATA
 0002:00000120 00000004H .CRT$XCA                DATA
 0002:00000124 00000004H .CRT$XCU                DATA
 0002:00000128 00000004H .CRT$XCZ                DATA
 0002:0000012c 00000004H .CRT$XIA                DATA
 0002:00000130 0000000cH .CRT$XIC                DATA
 0002:0000013c 00000004H .CRT$XIZ                DATA
 0002:00000140 00000004H .CRT$XPA                DATA
 0002:00000144 00000008H .CRT$XPX                DATA
 0002:0000014c 00000004H .CRT$XPXA               DATA
 0002:00000150 00000004H .CRT$XPZ                DATA
 0002:00000154 00000004H .CRT$XTA                DATA
 0002:00000158 00000008H .CRT$XTZ                DATA
 0002:0000015c 00000000H .gfids$y                DATA
 0002:00000160 00005a20H .rdata                  DATA
 0002:00005b80 00000000H .rdata$CastGuardVftablesA DATA
 0002:00005b80 00000000H .rdata$CastGuardVftablesC DATA
 0002:00005b80 000000dcH .rdata$r                DATA
 0002:00005c5c 000000a0H .rdata$voltmd           DATA
 0002:00005cfc 000002e8H .rdata$zzzdbg           DATA
 0002:00005fe4 00000004H .rtc$IAA                DATA
 0002:00005fe8 00000004H .rtc$IZZ                DATA
 0002:00005fec 00000004H .rtc$TAA                DATA
 0002:00005ff0 00000008H .rtc$TZZ                DATA
 0002:00005ff8 000005d8H .xdata$x                DATA
 0002:000065d0 00000358H .edata                  DATA
 0002:00006928 00000014H .idata$2                DATA
 0002:0000693c 00000014H .idata$3                DATA
 0002:00006950 00000118H .idata$4                DATA
 0002:00006a68 00000508H .idata$6                DATA
 0003:00000000 000008b0H .data                   DATA
 0003:000008b0 0000003cH .data$r                 DATA
 0003:000008ec 0000001cH .data$rs                DATA
 0003:00000908 00000660H .bss                    DATA
 0004:00000000 00000080H .fptable                DATA
 0005:00000000 00000060H .rsrc$01                DATA
 0005:00000060 00000180H .rsrc$02                DATA

  Address         Publics by Value              Rva+Base       Lib:Object

 0000:00000000       ___AbsoluteZero            00000000     <absolute>
 0000:00000000       ___arm64x_extra_rfe_table  00000000     <absolute>
 0000:00000000       ___arm64x_extra_rfe_table_size 00000000     <absolute>
 0000:00000000       ___arm64x_native_entrypoint 00000000     <absolute>
 0000:00000000       ___arm64x_redirection_metadata 00000000     <absolute>
 0000:00000000       ___arm64x_redirection_metadata_count 00000000     <absolute>
 0000:00000000       ___dynamic_value_reloc_table 00000000     <absolute>
 0000:00000000       ___enclave_config          00000000     <absolute>
 0000:00000000       ___guard_check_icall_a64n_fptr 00000000     <absolute>
 0000:00000000       ___guard_eh_cont_count     00000000     <absolute>
 0000:00000000       ___guard_eh_cont_table     00000000     <absolute>
 0000:00000000       ___guard_fids_count        00000000     <absolute>
 0000:00000000       ___guard_fids_table        00000000     <absolute>
 0000:00000000       ___guard_iat_count         00000000     <absolute>
 0000:00000000       ___guard_iat_table         00000000     <absolute>
 0000:00000000       ___guard_longjmp_count     00000000     <absolute>
 0000:00000000       ___guard_longjmp_table     00000000     <absolute>
 0000:00000000       ___hybrid_auxiliary_delayload_iat 00000000     <absolute>
 0000:00000000       ___hybrid_auxiliary_delayload_iat_copy 00000000     <absolute>
 0000:00000000       ___hybrid_auxiliary_iat    00000000     <absolute>
 0000:00000000       ___hybrid_auxiliary_iat_copy 00000000     <absolute>
 0000:00000000       ___hybrid_code_map         00000000     <absolute>
 0000:00000000       ___hybrid_code_map_count   00000000     <absolute>
 0000:00000000       ___hybrid_image_info_bitfield 00000000     <absolute>
 0000:00000000       ___safe_se_handler_count   00000000     <absolute>
 0000:00000000       ___safe_se_handler_table   00000000     <absolute>
 0000:00000000       ___x64_code_ranges_to_entry_points 00000000     <absolute>
 0000:00000000       ___x64_code_ranges_to_entry_points_count 00000000     <absolute>
 0000:00000000       __except_list              00000000     <absolute>
 0000:00000100       ___guard_flags             00000100     <absolute>
 0000:00000000       ___ImageBase               10000000     <linker-defined>
 0001:000000f0       _DllMain@12                100010f0 f   sdk.obj
 0001:00000100       _VMProtectActivateLicense@12 10001100 f   sdk.obj
 0001:00000290       _VMProtectBegin@4          10001290 f   sdk.obj
 0001:00000290       _VMProtectBeginMutation@4  10001290 f   sdk.obj
 0001:00000290       _VMProtectBeginUltra@4     10001290 f   sdk.obj
 0001:00000290       _VMProtectBeginUltraLockByKey@4 10001290 f   sdk.obj
 0001:00000290       _VMProtectBeginVirtualization@4 10001290 f   sdk.obj
 0001:00000290       _VMProtectBeginVirtualizationLockByKey@4 10001290 f   sdk.obj
 0001:000002a0       _VMProtectDeactivateLicense@4 100012a0 f   sdk.obj
 0001:000002b0       _VMProtectDecryptStringA@4 100012b0 f   sdk.obj
 0001:000002b0       _VMProtectDecryptStringW@4 100012b0 f   sdk.obj
 0001:000002c0       @_guard_check_icall_nop@4  100012c0 f   LIBCMT:guard_support.obj
 0001:000002c0       _VMProtectEnd@0            100012c0 f   sdk.obj
 0001:000002d0       _VMProtectFreeString@4     100012d0 f   sdk.obj
 0001:000002e0       _VMProtectGetCurrentHWID@8 100012e0 f   sdk.obj
 0001:000003d0       _VMProtectGetOfflineActivationString@12 100013d0 f   sdk.obj
 0001:000003d0       _VMProtectGetOfflineDeactivationString@12 100013d0 f   sdk.obj
 0001:000003e0       _VMProtectGetSerialNumberData@8 100013e0 f   sdk.obj
 0001:00000730       _VMProtectGetSerialNumberState@0 10001730 f   sdk.obj
 0001:00000a70       _VMProtectIsDebuggerPresent@4 10001a70 f   sdk.obj
 0001:00000a80       _VMProtectIsProtected@0    10001a80 f   sdk.obj
 0001:00000a80       _VMProtectIsVirtualMachinePresent@0 10001a80 f   sdk.obj
 0001:00000a90       _VMProtectIsValidImageCRC@0 10001a90 f   sdk.obj
 0001:00000a90       ___acrt_uninitialize_command_line 10001a90 f   libucrt:argv_data.obj
 0001:00000aa0       _VMProtectSetSerialNumber@4 10001aa0 f   sdk.obj
 0001:00000c90       ___local_stdio_scanf_options 10001c90 f i sdk.obj
 0001:00000ca0       _sscanf_s                  10001ca0 f i sdk.obj
 0001:00000cc9       @__security_check_cookie@4 10001cc9 f   LIBCMT:secchk.obj
 0001:00000ce0       __alloca_probe             10001ce0 f   LIBCMT:chkstk.obj
 0001:00000ce0       __chkstk                   10001ce0 f   LIBCMT:chkstk.obj
 0001:00001058       __DllMainCRTStartup@12     10002058 f   LIBCMT:dll_dllmain.obj
 0001:0000107b       ___report_gsfailure        1000207b f   LIBCMT:gs_report.obj
 0001:000010ce       ___security_init_cookie    100020ce f   LIBCMT:gs_support.obj
 0001:00001119       ?__scrt_initialize_type_info@@YAXXZ 10002119 f   LIBCMT:tncleanup.obj
 0001:00001125       ?__scrt_uninitialize_type_info@@YAXXZ 10002125 f   LIBCMT:tncleanup.obj
 0001:00001131       ___local_stdio_printf_options 10002131 f i LIBCMT:default_local_stdio_options.obj
 0001:00001137       ___scrt_initialize_default_local_stdio_options 10002137 f   LIBCMT:default_local_stdio_options.obj
 0001:00001196       ___scrt_acquire_startup_lock 10002196 f   LIBCMT:utility.obj
 0001:000011c8       ___scrt_dllmain_after_initialize_c 100021c8 f   LIBCMT:utility.obj
 0001:000011f3       ___scrt_dllmain_before_initialize_c 100021f3 f   LIBCMT:utility.obj
 0001:00001201       ___scrt_dllmain_crt_thread_attach 10002201 f   LIBCMT:utility.obj
 0001:00001220       ___scrt_dllmain_crt_thread_detach 10002220 f   LIBCMT:utility.obj
 0001:0000122d       ___scrt_dllmain_exception_filter 1000222d f   LIBCMT:utility.obj
 0001:00001261       ___scrt_dllmain_uninitialize_c 10002261 f   LIBCMT:utility.obj
 0001:00001284       ___scrt_dllmain_uninitialize_critical 10002284 f   LIBCMT:utility.obj
 0001:00001291       ___scrt_initialize_crt     10002291 f   LIBCMT:utility.obj
 0001:000012ca       ___scrt_initialize_onexit_tables 100022ca f   LIBCMT:utility.obj
 0001:00001351       ___scrt_is_nonwritable_in_current_image 10002351 f   LIBCMT:utility.obj
 0001:000013e8       ___scrt_release_startup_lock 100023e8 f   LIBCMT:utility.obj
 0001:00001405       ___scrt_uninitialize_crt   10002405 f   LIBCMT:utility.obj
 0001:0000142d       ___scrt_get_dyn_tls_init_callback 1000242d f   LIBCMT:dyn_tls_init.obj
 0001:00001433       ___scrt_fastfail           10002433 f   LIBCMT:utility_desktop.obj
 0001:0000143d       __crt_debugger_hook        1000243d f   LIBCMT:utility_desktop.obj
 0001:00001448       __RTC_Initialize           10002448 f   LIBCMT:initsect.obj
 0001:00001474       __RTC_Terminate            10002474 f   LIBCMT:initsect.obj
 0001:000014a0       __SEH_prolog4              100024a0 f   LIBCMT:sehprolg4.obj
 0001:000014e5       ___isa_available_init      100024e5 f   LIBCMT:cpu_disp.obj
 0001:000017ff       __get_startup_argv_mode    100027ff f   LIBCMT:argv_mode.obj
 0001:00001803       ___scrt_is_ucrt_dll_in_use 10002803 f   LIBCMT:ucrt_detection.obj
 0001:0000180f       _wcsrchr                   1000280f f   libvcruntime:wcsrchr.obj
 0001:000018c0       _memcpy                    100028c0 f   libvcruntime:memcpy.obj
 0001:000018c0       _memmove                   100028c0 f   libvcruntime:memmove.obj
 0001:00001e40       _memset                    10002e40 f   libvcruntime:memset.obj
 0001:00001fe0       __except_handler4          10002fe0 f   libvcruntime:chandler4.obj
 0001:00002147       ___std_type_info_compare   10003147 f   libvcruntime:std_type_info.obj
 0001:00002183       ___std_type_info_destroy_list 10003183 f   libvcruntime:std_type_info.obj
 0001:000021a6       ___vcrt_initialize         100031a6 f   libvcruntime:initialization.obj
 0001:000021c5       ___vcrt_thread_attach      100031c5 f   libvcruntime:initialization.obj
 0001:000021d0       ___vcrt_thread_detach      100031d0 f   libvcruntime:initialization.obj
 0001:000021d8       ___vcrt_uninitialize       100031d8 f   libvcruntime:initialization.obj
 0001:000021ef       ___vcrt_uninitialize_critical 100031ef f   libvcruntime:initialization.obj
 0001:000021f7       ___DestructExceptionObject 100031f7 f   libvcruntime:ehhelpers.obj
 0001:0000229f       ?_CallMemberFunction0@@YGXQAX0@Z 1000329f f i libvcruntime:ehhelpers.obj
 0001:00002304       __IsExceptionObjectToBeDestroyed 10003304 f   libvcruntime:ehhelpers.obj
 0001:0000232a       ___AdjustPointer           1000332a f   libvcruntime:ehhelpers.obj
 0001:0000234f       ___FrameUnwindFilter       1000334f f   libvcruntime:ehhelpers.obj
 0001:000023a5       ___std_terminate           100033a5 f   libvcruntime:ehhelpers.obj
 0001:000023b0       __local_unwind4            100033b0 f   libvcruntime:exsup4.obj
 0001:000024a0       @_EH4_CallFilterFunc@8     100034a0 f   libvcruntime:exsup4.obj
 0001:000024c0       @_EH4_TransferToHandler@8  100034c0 f   libvcruntime:exsup4.obj
 0001:000024e0       @_EH4_GlobalUnwind2@8      100034e0 f   libvcruntime:exsup4.obj
 0001:00002500       @_EH4_LocalUnwind@16       10003500 f   libvcruntime:exsup4.obj
 0001:00002517       ___except_validate_context_record 10003517 f   libvcruntime:jbcxrval.obj
 0001:00002547       ___vcrt_freefls@4          10003547 f   libvcruntime:per_thread_data.obj
 0001:00002563       ___vcrt_freeptd_for_this_thread 10003563 f   libvcruntime:per_thread_data.obj
 0001:0000258d       ___vcrt_getptd             1000358d f   libvcruntime:per_thread_data.obj
 0001:0000259b       ___vcrt_getptd_noexit      1000359b f   libvcruntime:per_thread_data.obj
 0001:0000262a       ___vcrt_initialize_ptd     1000362a f   libvcruntime:per_thread_data.obj
 0001:0000265c       ___vcrt_uninitialize_ptd   1000365c f   libvcruntime:per_thread_data.obj
 0001:0000267a       ___vcrt_initialize_locks   1000367a f   libvcruntime:locks.obj
 0001:000026b0       ___vcrt_uninitialize_locks 100036b0 f   libvcruntime:locks.obj
 0001:000026e0       __NLG_Notify1              100036e0 f   libvcruntime:exsup.obj
 0001:000026f0       __NLG_Notify               100036f0 f   libvcruntime:exsup.obj
 0001:00002707       __NLG_Dispatch             10003707     libvcruntime:exsup.obj
 0001:00002707       __NLG_Dispatch2            10003707     libvcruntime:exsup.obj
 0001:00002710       __NLG_Call                 10003710 f   libvcruntime:exsup.obj
 0001:00002712       __NLG_Return2              10003712     libvcruntime:exsup.obj
 0001:00002713       ?GetRangeOfTrysToCheck@__FrameHandler3@@SA?AU?$pair@Viterator@TryBlockMap@__FrameHandler3@@V123@@std@@AAVTryBlockMap@1@HPAXPBU_s_FuncInfo@@H@Z 10003713 f   libvcruntime:trnsctrl.obj
 0001:00002792       ?_CallCatchBlock2@@YAPAXPAUEHRegistrationNode@@PBU_s_FuncInfo@@PAXHK@Z 10003792 f   libvcruntime:trnsctrl.obj
 0001:000027f2       ?_CallSETranslator@@YAHPAUEHExceptionRecord@@PAUEHRegistrationNode@@PAX2PBU_s_FuncInfo@@H1@Z 100037f2 f   libvcruntime:trnsctrl.obj
 0001:000028f1       ?_JumpToContinuation@@YGXPAXPAUEHRegistrationNode@@@Z 100038f1 f   libvcruntime:trnsctrl.obj
 0001:00002921       ?_UnwindNestedFrames@@YGXPAUEHRegistrationNode@@PAUEHExceptionRecord@@@Z 10003921 f   libvcruntime:trnsctrl.obj
 0001:00002975       __CatchGuardHandler        10003975 f   libvcruntime:trnsctrl.obj
 0001:000029a6       __CreateFrameInfo          100039a6 f   libvcruntime:trnsctrl.obj
 0001:000029ca       __FindAndUnlinkFrame       100039ca f   libvcruntime:trnsctrl.obj
 0001:00002a11       __TranslatorGuardHandler   10003a11 f   libvcruntime:trnsctrl.obj
 0001:00002ab0       ___CxxFrameHandler3        10003ab0 f   libvcruntime:trnsctrl.obj
 0001:000031fc       ??$TypeMatchHelper@V__FrameHandler3@@@@YAHPBU_s_HandlerType@@PBU_s_CatchableType@@PBU_s_ThrowInfo@@@Z 100041fc f i libvcruntime:frame.obj
 0001:0000328a       ??$__InternalCxxFrameHandler@V__FrameHandler3@@@@YA?AW4_EXCEPTION_DISPOSITION@@PAUEHExceptionRecord@@PAUEHRegistrationNode@@PAU_CONTEXT@@PAXPBU_s_FuncInfo@@H1E@Z 1000428a f i libvcruntime:frame.obj
 0001:0000338c       ??$__InternalCxxFrameHandlerWrapper@V__FrameHandler3@@@@YA?AW4_EXCEPTION_DISPOSITION@@PAUEHExceptionRecord@@PAUEHRegistrationNode@@PAU_CONTEXT@@PAXPBU_s_FuncInfo@@H1E@Z 1000438c f i libvcruntime:frame.obj
 0001:00003395       ??0bad_exception@std@@QAE@ABV01@@Z 10004395 f i libvcruntime:frame.obj
 0001:000033b0       ??0bad_exception@std@@QAE@XZ 100043b0 f i libvcruntime:frame.obj
 0001:000033ce       ??0exception@std@@QAE@ABV01@@Z 100043ce f i libvcruntime:frame.obj
 0001:00003400       ??1bad_exception@std@@UAE@XZ 10004400 f i libvcruntime:frame.obj
 0001:00003411       ??8type_info@@QBE_NABV0@@Z 10004411 f i libvcruntime:frame.obj
 0001:00003430       ??_Ebad_exception@std@@UAEPAXI@Z 10004430 f i libvcruntime:frame.obj
 0001:00003430       ??_Eexception@std@@UAEPAXI@Z 10004430 f i libvcruntime:frame.obj
 0001:00003430       ??_Gbad_exception@std@@UAEPAXI@Z 10004430 f i libvcruntime:frame.obj
 0001:00003430       ??_Gexception@std@@UAEPAXI@Z 10004430 f i libvcruntime:frame.obj
 0001:000036c4       ?FrameUnwindToEmptyState@__FrameHandler3@@SAXPAUEHRegistrationNode@@PAXPBU_s_FuncInfo@@@Z 100046c4 f   libvcruntime:frame.obj
 0001:000036dc       ?FrameUnwindToState@__FrameHandler3@@SAXPAUEHRegistrationNode@@PAXPBU_s_FuncInfo@@H@Z 100046dc f   libvcruntime:frame.obj
 0001:0000385c       ?_CallMemberFunction1@@YGXQAX00@Z 1000485c f i libvcruntime:frame.obj
 0001:0000386c       ?_CallMemberFunction2@@YGXQAX00H@Z 1000486c f i libvcruntime:frame.obj
 0001:0000387f       ?getESTypes@__FrameHandler3@@SAPBU_s_ESTypeList@@PBU_s_FuncInfo@@@Z 1000487f f i libvcruntime:frame.obj
 0001:0000388a       ?what@exception@std@@UBEPBDXZ 1000488a f i libvcruntime:frame.obj
 0001:000038a0       __CallSettingFrame@12      100048a0 f   libvcruntime:lowhelpr.obj
 0001:000038c7       __NLG_Return               100048c7     libvcruntime:lowhelpr.obj
 0001:000038ec       _unexpected                100048ec f   libvcruntime:unexpected.obj
 0001:00003909       ?GetCurrentState@__FrameHandler3@@SAHPAUEHRegistrationNode@@PAXPBU_s_FuncInfo@@@Z 10004909 f   libvcruntime:ehstate.obj
 0001:00003926       ?SetState@__FrameHandler3@@SAXPAUEHRegistrationNode@@PAXPBU_s_FuncInfo@@H@Z 10004926 f   libvcruntime:ehstate.obj
 0001:00003934       ___std_exception_copy      10004934 f   libvcruntime:std_exception.obj
 0001:00003997       ___std_exception_destroy   10004997 f   libvcruntime:std_exception.obj
 0001:000039b9       __CxxThrowException@8      100049b9 f   libvcruntime:throw.obj
 0001:00003a30       ??$assemble_floating_point_snan@N@__crt_strtox@@YAX_NAAN@Z 10004a30 f i libucrt:input.obj
 0001:00003a51       ??$assemble_floating_point_value_t@M@__crt_strtox@@YA?AW4SLD_STATUS@@_NH_KAAM@Z 10004a51 f i libucrt:input.obj
 0001:00003a90       ??$assemble_floating_point_value_t@N@__crt_strtox@@YA?AW4SLD_STATUS@@_NH_KAAN@Z 10004a90 f i libucrt:input.obj
 0001:00003b86       ??$convert_decimal_string_to_floating_type@M@__crt_strtox@@YA?AW4SLD_STATUS@@ABUfloating_point_string@0@AAM@Z 10004b86 f i libucrt:input.obj
 0001:00003ba7       ??$convert_decimal_string_to_floating_type@N@__crt_strtox@@YA?AW4SLD_STATUS@@ABUfloating_point_string@0@AAN@Z 10004ba7 f i libucrt:input.obj
 0001:00003bc8       ??$convert_hexadecimal_string_to_floating_type@M@__crt_strtox@@YA?AW4SLD_STATUS@@ABUfloating_point_string@0@AAM@Z 10004bc8 f i libucrt:input.obj
 0001:00003be9       ??$convert_hexadecimal_string_to_floating_type@N@__crt_strtox@@YA?AW4SLD_STATUS@@ABUfloating_point_string@0@AAN@Z 10004be9 f i libucrt:input.obj
 0001:00003c0a       ??$is_overflow_condition@_K@__crt_strtox@@YA_NI_K@Z 10004c0a f i libucrt:input.obj
 0001:00003c4b       ??$make_input_adapter_character_source@V?$string_input_adapter@D@__crt_stdio_input@@@__crt_strtox@@YA?AV?$input_adapter_character_source@V?$string_input_adapter@D@__crt_stdio_input@@@0@QAV?$string_input_adapter@D@__crt_stdio_input@@_KQA_N@Z 10004c4b f i libucrt:input.obj
 0001:00003c69       ??$parse_floating_point@V?$input_adapter_character_source@V?$string_input_adapter@D@__crt_stdio_input@@@__crt_strtox@@M@__crt_strtox@@YA?AW4SLD_STATUS@@QAU__crt_locale_pointers@@V?$input_adapter_character_source@V?$string_input_adapter@D@__crt_stdio_input@@@0@QAM@Z 10004c69 f i libucrt:input.obj
 0001:00003cf3       ??$parse_floating_point@V?$input_adapter_character_source@V?$string_input_adapter@D@__crt_stdio_input@@@__crt_strtox@@N@__crt_strtox@@YA?AW4SLD_STATUS@@QAU__crt_locale_pointers@@V?$input_adapter_character_source@V?$string_input_adapter@D@__crt_stdio_input@@@0@QAN@Z 10004cf3 f i libucrt:input.obj
 0001:00003d7d       ??$parse_floating_point_from_source@V?$input_adapter_character_source@V?$string_input_adapter@D@__crt_stdio_input@@@__crt_strtox@@@__crt_strtox@@YA?AW4floating_point_parse_result@0@QAU__crt_locale_pointers@@AAV?$input_adapter_character_source@V?$string_input_adapter@D@__crt_stdio_input@@@0@AAUfloating_point_string@0@@Z 10004d7d f i libucrt:input.obj
 0001:000041ea       ??$parse_floating_point_possible_infinity@DV?$input_adapter_character_source@V?$string_input_adapter@D@__crt_stdio_input@@@__crt_strtox@@_K@__crt_strtox@@YA?AW4floating_point_parse_result@0@AADAAV?$input_adapter_character_source@V?$string_input_adapter@D@__crt_stdio_input@@@0@_K@Z 100051ea f i libucrt:input.obj
 0001:000042a5       ??$parse_floating_point_possible_nan@DV?$input_adapter_character_source@V?$string_input_adapter@D@__crt_stdio_input@@@__crt_strtox@@_K@__crt_strtox@@YA?AW4floating_point_parse_result@0@AADAAV?$input_adapter_character_source@V?$string_input_adapter@D@__crt_stdio_input@@@0@_K@Z 100052a5 f i libucrt:input.obj
 0001:000043ad       ??$parse_floating_point_possible_nan_is_ind@DV?$input_adapter_character_source@V?$string_input_adapter@D@__crt_stdio_input@@@__crt_strtox@@@__crt_strtox@@YA_NAADAAV?$input_adapter_character_source@V?$string_input_adapter@D@__crt_stdio_input@@@0@@Z 100053ad f i libucrt:input.obj
 0001:000043e7       ??$parse_floating_point_possible_nan_is_snan@DV?$input_adapter_character_source@V?$string_input_adapter@D@__crt_stdio_input@@@__crt_strtox@@@__crt_strtox@@YA_NAADAAV?$input_adapter_character_source@V?$string_input_adapter@D@__crt_stdio_input@@@0@@Z 100053e7 f i libucrt:input.obj
 0001:00004421       ??$parse_floating_point_write_result@M@__crt_strtox@@YA?AW4SLD_STATUS@@W4floating_point_parse_result@0@ABUfloating_point_string@0@QAM@Z 10005421 f i libucrt:input.obj
 0001:00004569       ??$parse_floating_point_write_result@N@__crt_strtox@@YA?AW4SLD_STATUS@@W4floating_point_parse_result@0@ABUfloating_point_string@0@QAN@Z 10005569 f i libucrt:input.obj
 0001:0000468d       ??$parse_integer@_KV?$input_adapter_character_source@V?$string_input_adapter@D@__crt_stdio_input@@@__crt_strtox@@$00@__crt_strtox@@YA_KAAV__crt_cached_ptd_host@@V?$input_adapter_character_source@V?$string_input_adapter@D@__crt_stdio_input@@@0@H_N@Z 1000568d f i libucrt:input.obj
 0001:00004981       ??$parse_integer@_KV?$input_adapter_character_source@V?$string_input_adapter@D@__crt_stdio_input@@@__crt_strtox@@@__crt_strtox@@YA_KQAU__crt_locale_pointers@@V?$input_adapter_character_source@V?$string_input_adapter@D@__crt_stdio_input@@@0@H_N@Z 10005981 f i libucrt:input.obj
 0001:000049dd       ??$process_floating_point_specifier_t@M@?$input_processor@DV?$string_input_adapter@D@__crt_stdio_input@@@__crt_stdio_input@@AAE_NXZ 100059dd f i libucrt:input.obj
 0001:00004a45       ??$process_floating_point_specifier_t@N@?$input_processor@DV?$string_input_adapter@D@__crt_stdio_input@@@__crt_stdio_input@@AAE_NXZ 10005a45 f i libucrt:input.obj
 0001:00004ab1       ??$process_string_specifier_tchar@D@?$input_processor@DV?$string_input_adapter@D@__crt_stdio_input@@@__crt_stdio_input@@AAE_NW4conversion_mode@1@D@Z 10005ab1 f i libucrt:input.obj
 0001:00004c1d       ??$process_string_specifier_tchar@_W@?$input_processor@DV?$string_input_adapter@D@__crt_stdio_input@@@__crt_stdio_input@@AAE_NW4conversion_mode@1@_W@Z 10005c1d f i libucrt:input.obj
 0001:00004d95       ??$skip_whitespace@Vstring_input_adapter@__crt_stdio_input@@D@__crt_stdio_input@@YAHAAV?$string_input_adapter@D@0@QAU__crt_locale_pointers@@@Z 10005d95 f i libucrt:input.obj
 0001:00004dc4       ??$write_floating_point@M@?$input_processor@DV?$string_input_adapter@D@__crt_stdio_input@@@__crt_stdio_input@@AAE_NABM@Z 10005dc4 f i libucrt:input.obj
 0001:00004df9       ??$write_floating_point@N@?$input_processor@DV?$string_input_adapter@D@__crt_stdio_input@@@__crt_stdio_input@@AAE_NABN@Z 10005df9 f i libucrt:input.obj
 0001:00004e34       ??0?$format_string_parser@D@__crt_stdio_input@@QAE@_KQBE@Z 10005e34 f i libucrt:input.obj
 0001:00004e7e       ??0?$input_adapter_character_source@V?$string_input_adapter@D@__crt_stdio_input@@@__crt_strtox@@QAE@$$QAV01@@Z 10005e7e f i libucrt:input.obj
 0001:00004ebb       ??0?$input_adapter_character_source@V?$string_input_adapter@D@__crt_stdio_input@@@__crt_strtox@@QAE@QAV?$string_input_adapter@D@__crt_stdio_input@@_KQA_N@Z 10005ebb f i libucrt:input.obj
 0001:00004eec       ??0?$input_processor@DV?$string_input_adapter@D@__crt_stdio_input@@@__crt_stdio_input@@QAE@ABV?$string_input_adapter@D@1@_KQBDQAU__crt_locale_pointers@@QAD@Z 10005eec f i libucrt:input.obj
 0001:00004f30       ??0_LocaleUpdate@@QAE@QAU__crt_locale_pointers@@@Z 10005f30 f i libucrt:input.obj
 0001:00004fc0       ??0__crt_cached_ptd_host@@QAE@QAU__crt_locale_pointers@@@Z 10005fc0 f i libucrt:input.obj
 0001:00005020       ??1__crt_cached_ptd_host@@QAE@XZ 10006020 f i libucrt:input.obj
 0001:0000505c       ??R<lambda_644f8ab42ed3fd1d660977a2364b3a7d>@@QBE@XZ 1000605c f i libucrt:input.obj
 0001:0000505c       ??R<lambda_f1fa4c266c18b246f3ed9c36247dab4f>@@QBE@XZ 1000605c f i libucrt:input.obj
 0001:0000505c       ??R<lambda_f765c90ab33e8386abf09c0f079d37e9>@@QBE@XZ 1000605c f i libucrt:input.obj
 0001:00005086       ?advance@?$format_string_parser@D@__crt_stdio_input@@QAE_NXZ 10006086 f i libucrt:input.obj
 0001:0000519e       ?as_double@floating_point_value@__crt_strtox@@QBEAANXZ 1000619e f i libucrt:input.obj
 0001:000051c3       ?as_float@floating_point_value@__crt_strtox@@QBEAAMXZ 100061c3 f i libucrt:input.obj
 0001:000051e8       ?assemble_floating_point_infinity@__crt_strtox@@YAX_NABVfloating_point_value@1@@Z 100061e8 f i libucrt:input.obj
 0001:00005228       ?assemble_floating_point_value@__crt_strtox@@YA?AW4SLD_STATUS@@_KH_N1ABVfloating_point_value@1@@Z 10006228 f i libucrt:input.obj
 0001:000055c1       ?assemble_floating_point_value_from_big_integer@__crt_strtox@@YA?AW4SLD_STATUS@@ABUbig_integer@1@I_N1ABVfloating_point_value@1@@Z 100065c1 f i libucrt:input.obj
 0001:0000575e       ?assemble_floating_point_zero@__crt_strtox@@YAX_NABVfloating_point_value@1@@Z 1000675e f i libucrt:input.obj
 0001:00005793       ?convert_decimal_string_to_floating_type_common@__crt_strtox@@YA?AW4SLD_STATUS@@ABUfloating_point_string@1@ABVfloating_point_value@1@@Z 10006793 f i libucrt:input.obj
 0001:00007492       ?convert_hexadecimal_string_to_floating_type_common@__crt_strtox@@YA?AW4SLD_STATUS@@ABUfloating_point_string@1@ABVfloating_point_value@1@@Z 10008492 f i libucrt:input.obj
 0001:00007543       ?denormal_mantissa_mask@floating_point_value@__crt_strtox@@QBE_KXZ 10008543 f i libucrt:input.obj
 0001:00007560       ?divide@__crt_strtox@@YA_KAAUbig_integer@1@ABU21@@Z 10008560 f i libucrt:input.obj
 0001:00007a40       ?force_synchronize_per_thread_data@__crt_cached_ptd_host@@AAEPAU__acrt_ptd@@XZ 10008a40 f i libucrt:input.obj
 0001:00007a8d       ?get@?$input_adapter_character_source@V?$string_input_adapter@D@__crt_stdio_input@@@__crt_strtox@@QAEDXZ 10008a8d f i libucrt:input.obj
 0001:00007ace       ?get@?$string_input_adapter@D@__crt_stdio_input@@QAEHXZ 10008ace f i libucrt:input.obj
 0001:00007af0       ?get_raw_ptd@__crt_cached_ptd_host@@QAEPAU__acrt_ptd@@XZ 10008af0 f i libucrt:input.obj
 0001:00007b4c       ?is_character_allowed_in_string@?$input_processor@DV?$string_input_adapter@D@__crt_stdio_input@@@__crt_stdio_input@@ABE_NW4conversion_mode@2@H@Z 10008b4c f i libucrt:input.obj
 0001:00007b9c       ?length@?$format_string_parser@D@__crt_stdio_input@@QBEIXZ 10008b9c f i libucrt:input.obj
 0001:00007bea       ?normal_mantissa_mask@floating_point_value@__crt_strtox@@QBE_KXZ 10008bea f i libucrt:input.obj
 0001:00007c01       ?process@?$input_processor@DV?$string_input_adapter@D@__crt_stdio_input@@@__crt_stdio_input@@QAEHXZ 10008c01 f i libucrt:input.obj
 0001:00007c86       ?process_character_count_specifier@?$input_processor@DV?$string_input_adapter@D@__crt_stdio_input@@@__crt_stdio_input@@AAE_NXZ 10008c86 f i libucrt:input.obj
 0001:00007c9e       ?process_conversion_specifier@?$input_processor@DV?$string_input_adapter@D@__crt_stdio_input@@@__crt_stdio_input@@AAE_NXZ 10008c9e f i libucrt:input.obj
 0001:00007d12       ?process_floating_point_specifier@?$input_processor@DV?$string_input_adapter@D@__crt_stdio_input@@@__crt_stdio_input@@AAE_NXZ 10008d12 f i libucrt:input.obj
 0001:00007d42       ?process_integer_specifier@?$input_processor@DV?$string_input_adapter@D@__crt_stdio_input@@@__crt_stdio_input@@AAE_NI_N@Z 10008d42 f i libucrt:input.obj
 0001:00007da7       ?process_literal_character@?$input_processor@DV?$string_input_adapter@D@__crt_stdio_input@@@__crt_stdio_input@@AAE_NXZ 10008da7 f i libucrt:input.obj
 0001:00007ddd       ?process_literal_character_tchar@?$input_processor@DV?$string_input_adapter@D@__crt_stdio_input@@@__crt_stdio_input@@AAE_ND@Z 10008ddd f i libucrt:input.obj
 0001:00007e2b       ?process_state@?$input_processor@DV?$string_input_adapter@D@__crt_stdio_input@@@__crt_stdio_input@@AAE_NXZ 10008e2b f i libucrt:input.obj
 0001:00007e6d       ?process_string_specifier@?$input_processor@DV?$string_input_adapter@D@__crt_stdio_input@@@__crt_stdio_input@@AAE_NW4conversion_mode@2@@Z 10008e6d f i libucrt:input.obj
 0001:00007eb5       ?process_whitespace@?$input_processor@DV?$string_input_adapter@D@__crt_stdio_input@@@__crt_stdio_input@@AAE_NXZ 10008eb5 f i libucrt:input.obj
 0001:00007ed2       ?restore_state@?$input_adapter_character_source@V?$string_input_adapter@D@__crt_stdio_input@@@__crt_strtox@@QAE_N_K@Z 10008ed2 f i libucrt:input.obj
 0001:00007ef7       ?scan_conversion_specifier@?$format_string_parser@D@__crt_stdio_input@@AAE_NXZ 10008ef7 f i libucrt:input.obj
 0001:00008073       ?scan_optional_field_width@?$format_string_parser@D@__crt_stdio_input@@AAE_NXZ 10009073 f i libucrt:input.obj
 0001:00008107       ?scan_optional_length_modifier@?$format_string_parser@D@__crt_stdio_input@@AAEXXZ 10009107 f i libucrt:input.obj
 0001:0000821c       ?scan_optional_literal_character_trail_bytes_tchar@?$format_string_parser@D@__crt_stdio_input@@AAE_ND@Z 1000921c f i libucrt:input.obj
 0001:0000826e       ?scan_optional_wide_modifier@?$format_string_parser@D@__crt_stdio_input@@AAEXXZ 1000926e f i libucrt:input.obj
 0001:0000828c       ?scan_scanset_range@?$format_string_parser@D@__crt_stdio_input@@AAE_NXZ 1000928c f i libucrt:input.obj
 0001:000083dc       ?set@?$scanset_buffer@E@__crt_stdio_input@@QAEXE@Z 100093dc f i libucrt:input.obj
 0001:00008407       ?set_wide_for_c_s_or_scanset@?$format_string_parser@D@__crt_stdio_input@@AAEXXZ 10009407 f i libucrt:input.obj
 0001:00008428       ?to_floating_point_length@__crt_stdio_input@@YAIW4length_modifier@1@@Z 10009428 f i libucrt:input.obj
 0001:0000844b       ?to_integer_length@__crt_stdio_input@@YAIW4length_modifier@1@@Z 1000944b f i libucrt:input.obj
 0001:0000849e       ?unget@?$input_adapter_character_source@V?$string_input_adapter@D@__crt_stdio_input@@@__crt_strtox@@QAEXD@Z 1000949e f i libucrt:input.obj
 0001:000084e5       ?unget@?$string_input_adapter@D@__crt_stdio_input@@QAEXH@Z 100094e5 f i libucrt:input.obj
 0001:00008510       ?update_locale_slow@__crt_cached_ptd_host@@AAEXXZ 10009510 f i libucrt:input.obj
 0001:0000856b       ?validate@?$format_string_parser@D@__crt_stdio_input@@QBE_NXZ 1000956b f i libucrt:input.obj
 0001:00008587       ?validate@?$input_adapter_character_source@V?$string_input_adapter@D@__crt_stdio_input@@@__crt_strtox@@QBE_NXZ 10009587 f i libucrt:input.obj
 0001:000085a8       ?validate@?$string_input_adapter@D@__crt_stdio_input@@QAE_NXZ 100095a8 f i libucrt:input.obj
 0001:000085ca       ?write_character@?$input_processor@DV?$string_input_adapter@D@__crt_stdio_input@@@__crt_stdio_input@@AAE_NQA_WIAAPA_WAAID@Z 100095ca f i libucrt:input.obj
 0001:00008637       ?write_integer@?$input_processor@DV?$string_input_adapter@D@__crt_stdio_input@@@__crt_stdio_input@@AAE_N_K@Z 10009637 f i libucrt:input.obj
 0001:000086a6       ___acrt_locale_get_ctype_array_value 100096a6 f i libucrt:input.obj
 0001:000086c8       ___stdio_common_vsscanf    100096c8 f   libucrt:input.obj
 0001:000086ec       __ischartype_l             100096ec f i libucrt:input.obj
 0001:000087d0       _wcsncat_s                 100097d0 f   libucrt:wcsncat_s.obj
 0001:00008900       _strcpy_s                  10009900 f   libucrt:strcpy_s.obj
 0001:00008990       _strncpy_s                 10009990 f   libucrt:strncpy_s.obj
 0001:00008a82       ??$is_overflow_condition@K@__crt_strtox@@YA_NIK@Z 10009a82 f i libucrt:atox.obj
 0001:00008ab6       ??$parse_integer@KV?$c_string_character_source@D@__crt_strtox@@$00@__crt_strtox@@YAKAAV__crt_cached_ptd_host@@V?$c_string_character_source@D@0@H_N@Z 10009ab6 f i libucrt:atox.obj
 0001:00008d01       ??$parse_integer@_KV?$c_string_character_source@D@__crt_strtox@@$00@__crt_strtox@@YA_KAAV__crt_cached_ptd_host@@V?$c_string_character_source@D@0@H_N@Z 10009d01 f i libucrt:atox.obj
 0001:00008fb1       ?unget@?$c_string_character_source@D@__crt_strtox@@QAEXD@Z 10009fb1 f i libucrt:atox.obj
 0001:00008fda       ?validate@?$c_string_character_source@D@__crt_strtox@@QBE_NXZ 10009fda f i libucrt:atox.obj
 0001:00008ff5       _atoi                      10009ff5 f   libucrt:atox.obj
 0001:00009034       __initterm                 1000a034 f   libucrt:initterm.obj
 0001:0000905f       __initterm_e               1000a05f f   libucrt:initterm.obj
 0001:0000908d       __seh_filter_dll           1000a08d f   libucrt:exception_filter.obj
 0001:000090ad       __seh_filter_exe           1000a0ad f   libucrt:exception_filter.obj
 0001:00009240       ??$__crt_fast_decode_pointer@P6AHI@Z@@YAP6AHI@ZQ6AHI@Z@Z 1000a240 f i libucrt:new_handler.obj
 0001:00009240       ??$__crt_fast_decode_pointer@P6AXH@Z@@YAP6AXH@ZQ6AXH@Z@Z 1000a240 f i libucrt:signal.obj
 0001:00009240       ??$__crt_fast_decode_pointer@P6GXPAXK0@Z@@YAP6GXPAXK0@ZQ6GX0K0@Z@Z 1000a240 f i libucrt:exit.obj
 0001:000094f3       ___acrt_initialize_thread_local_exit_callback 1000a4f3 f   libucrt:exit.obj
 0001:00009502       __cexit                    1000a502 f   libucrt:exit.obj
 0001:00009511       __exit                     1000a511 f   libucrt:exit.obj
 0001:00009527       __is_c_termination_complete 1000a527 f   libucrt:exit.obj
 0001:000097dd       ___acrt_allocate_buffer_for_argv 1000a7dd f   libucrt:argv_parsing.obj
 0001:0000982c       __configure_narrow_argv    1000a82c f   libucrt:argv_parsing.obj
 0001:000099db       ___dcrt_uninitialize_environments_nolock 1000a9db f   libucrt:environment_initialization.obj
 0001:00009a2c       __initialize_narrow_environment 1000aa2c f   libucrt:environment_initialization.obj
 0001:00009b66       __execute_onexit_table     1000ab66 f   libucrt:onexit.obj
 0001:00009ba4       __initialize_onexit_table  1000aba4 f   libucrt:onexit.obj
 0001:00009cc8       ___acrt_initialize         1000acc8 f   libucrt:initialization.obj
 0001:00009cda       ___acrt_thread_attach      1000acda f   libucrt:initialization.obj
 0001:00009ce5       ___acrt_thread_detach      1000ace5 f   libucrt:initialization.obj
 0001:00009ced       ___acrt_uninitialize       1000aced f   libucrt:initialization.obj
 0001:00009d1d       ___acrt_uninitialize_critical 1000ad1d f   libucrt:initialization.obj
 0001:00009d2f       _terminate                 1000ad2f f   libucrt:terminate.obj
 0001:00009d70       _free                      1000ad70 f   libucrt:free.obj
 0001:00009d80       _malloc                    1000ad80 f   libucrt:malloc.obj
 0001:00009d8b       _abort                     1000ad8b f   libucrt:abort.obj
 0001:00009dcf       ??$make_c_string_character_source@DPAPAD@__crt_strtox@@YA?AV?$c_string_character_source@D@0@QBDQAPAD@Z 1000adcf f i libucrt:output.obj
 0001:00009df0       _strncmp                   1000adf0 f   libucrt:strncmp.obj
 0001:00009e70       _calloc                    1000ae70 f   libucrt:calloc.obj
 0001:00009e7c       @_guard_check_icall@4      1000ae7c f i libucrt:checkcfg.obj
 0001:00009e82       ?check_synchronize_global_state_index@__crt_cached_ptd_host@@AAEIXZ 1000ae82 f i libucrt:invalid_parameter.obj
 0001:00009eab       ___acrt_call_reportfault   1000aeab f   libucrt:invalid_parameter.obj
 0001:00009fe4       ___acrt_initialize_invalid_parameter_handler 1000afe4 f   libucrt:invalid_parameter.obj
 0001:00009ff3       __invalid_parameter        1000aff3 f   libucrt:invalid_parameter.obj
 0001:0000a02a       __invalid_parameter_internal 1000b02a f   libucrt:invalid_parameter.obj
 0001:0000a0a7       __invalid_parameter_noinfo 1000b0a7 f   libucrt:invalid_parameter.obj
 0001:0000a0b7       __invoke_watson            1000b0b7 f   libucrt:invalid_parameter.obj
 0001:0000a0eb       ___pctype_func             1000b0eb f   libucrt:ctype.obj
 0001:0000a10f       __isctype_l                1000b10f f   libucrt:isctype.obj
 0001:0000a1e0       _isspace                   1000b1e0 f   libucrt:_ctype.obj
 0001:0000a2e3       ___acrt_errno_from_os_error 1000b2e3 f   libucrt:errno.obj
 0001:0000a342       ___acrt_errno_map_os_error 1000b342 f   libucrt:errno.obj
 0001:0000a365       ___acrt_errno_map_os_error_ptd 1000b365 f   libucrt:errno.obj
 0001:0000a389       ___doserrno                1000b389 f   libucrt:errno.obj
 0001:0000a39e       __errno                    1000b39e f   libucrt:errno.obj
 0001:0000a3c0       __calloc_base              1000b3c0 f   libucrt:calloc_base.obj
 0001:0000a420       __free_base                1000b420 f   libucrt:free_base.obj
 0001:0000a466       _strtoull                  1000b466 f   libucrt:strtox.obj
 0001:0000a4b2       __mbtowc_internal          1000b4b2 f   libucrt:mbtowc.obj
 0001:0000a5e2       __mbtowc_l                 1000b5e2 f   libucrt:mbtowc.obj
 0001:0000a620       _strnlen                   1000b620 f   libucrt:strnlen.obj
 0001:0000aa73       ?internal_get_ptd_head_slow@@YAPAU__acrt_ptd@@XZ 1000ba73 f   libucrt:per_thread_data.obj
 0001:0000ab66       ___acrt_freeptd            1000bb66 f   libucrt:per_thread_data.obj
 0001:0000abaa       ___acrt_getptd             1000bbaa f   libucrt:per_thread_data.obj
 0001:0000abb8       ___acrt_getptd_head        1000bbb8 f   libucrt:per_thread_data.obj
 0001:0000abfb       ___acrt_getptd_noexit      1000bbfb f   libucrt:per_thread_data.obj
 0001:0000ac87       ___acrt_getptd_noexit_explicit 1000bc87 f   libucrt:per_thread_data.obj
 0001:0000acd0       ___acrt_initialize_ptd     1000bcd0 f   libucrt:per_thread_data.obj
 0001:0000ad06       ___acrt_uninitialize_ptd   1000bd06 f   libucrt:per_thread_data.obj
 0001:0000ad20       ___acrt_update_locale_info 1000bd20 f   libucrt:locale_update.obj
 0001:0000ad4d       ___acrt_update_locale_info_explicit 1000bd4d f   libucrt:locale_update.obj
 0001:0000ad7e       ___acrt_update_multibyte_info 1000bd7e f   libucrt:locale_update.obj
 0001:0000adab       ___acrt_update_multibyte_info_explicit 1000bdab f   libucrt:locale_update.obj
 0001:0000addc       __fileno                   1000bddc f   libucrt:fileno.obj
 0001:0000ae03       ___acrt_initialize_stdio   1000be03 f   libucrt:_file.obj
 0001:0000aecb       ___acrt_uninitialize_stdio 1000becb f   libucrt:_file.obj
 0001:0000af17       __lock_file                1000bf17 f   libucrt:_file.obj
 0001:0000af2b       __unlock_file              1000bf2b f   libucrt:_file.obj
 0001:0000af40       _fegetround                1000bf40 f   libucrt:fegetround.obj
 0001:0000afbd       ___acrt_set_locale_changed 1000bfbd f   libucrt:wsetlocale.obj
 0001:0000afc8       ___acrt_uninitialize_locale 1000bfc8 f   libucrt:wsetlocale.obj
 0001:0000b152       ___acrt_initialize_lowio   1000c152 f   libucrt:ioinit.obj
 0001:0000b1b2       ___acrt_uninitialize_lowio 1000c1b2 f   libucrt:ioinit.obj
 0001:0000b1de       ___acrt_initialize_locks   1000c1de f   libucrt:locks.obj
 0001:0000b21f       ___acrt_lock               1000c21f f   libucrt:locks.obj
 0001:0000b236       ___acrt_uninitialize_locks 1000c236 f   libucrt:locks.obj
 0001:0000b267       ___acrt_unlock             1000c267 f   libucrt:locks.obj
 0001:0000b27e       ___acrt_app_verifier_enabled 1000c27e f   libucrt:peb_access.obj
 0001:0000b290       ___acrt_is_secure_process  1000c290 f   libucrt:peb_access.obj
 0001:0000b2a3       ___acrt_get_process_end_policy 1000c2a3 f   libucrt:win_policies.obj
 0001:0000b2e2       ??$__acrt_convert_wcs_mbs_cp@D_WV<lambda_62f6974d9771e494a5ea317cc32e971c>@@U__crt_win32_buffer_internal_dynamic_resizing@@@@YAHQBDAAV?$__crt_win32_buffer@_WU__crt_win32_buffer_internal_dynamic_resizing@@@@ABV<lambda_62f6974d9771e494a5ea317cc32e971c>@@I@Z 1000c2e2 f i libucrt:argv_wildcards.obj
 0001:0000b394       ??$__acrt_convert_wcs_mbs_cp@_WDV<lambda_28bda7af82a03b66c1cb3803a755f95d>@@U__crt_win32_buffer_internal_dynamic_resizing@@@@YAHQB_WAAV?$__crt_win32_buffer@DU__crt_win32_buffer_internal_dynamic_resizing@@@@ABV<lambda_28bda7af82a03b66c1cb3803a755f95d>@@I@Z 1000c394 f i libucrt:argv_wildcards.obj
 0001:0000b45a       ??$__acrt_mbs_to_wcs_cp@U__crt_win32_buffer_internal_dynamic_resizing@@@@YAHQBDAAV?$__crt_win32_buffer@_WU__crt_win32_buffer_internal_dynamic_resizing@@@@I@Z 1000c45a f i libucrt:argv_wildcards.obj
 0001:0000b956       ??R<lambda_0fec1a7b3f42a53036604e18c2d5e07e>@@QBE@IQB_WQADI@Z 1000c956 f i libucrt:getmodulefilenamea.obj
 0001:0000b956       ??R<lambda_28bda7af82a03b66c1cb3803a755f95d>@@QBE@IQB_WQADI@Z 1000c956 f i libucrt:argv_wildcards.obj
 0001:0000b97a       ?__acrt_get_utf8_acp_compatibility_codepage@@YAIXZ 1000c97a f i libucrt:argv_wildcards.obj
 0001:0000b9b9       ?_deallocate@?$__crt_win32_buffer@DU__crt_win32_buffer_internal_dynamic_resizing@@@@AAEXXZ 1000c9b9 f i libucrt:argv_wildcards.obj
 0001:0000b9b9       ?_deallocate@?$__crt_win32_buffer@_WU__crt_win32_buffer_internal_dynamic_resizing@@@@AAEXXZ 1000c9b9 f i libucrt:argv_wildcards.obj
 0001:0000b9d3       ?allocate@?$__crt_win32_buffer@DU__crt_win32_buffer_internal_dynamic_resizing@@@@QAEHI@Z 1000c9d3 f i libucrt:argv_wildcards.obj
 0001:0000ba0f       ?allocate@?$__crt_win32_buffer@_WU__crt_win32_buffer_internal_dynamic_resizing@@@@QAEHI@Z 1000ca0f f i libucrt:argv_wildcards.obj
 0001:0000ba4e       ?allocate@__crt_win32_buffer_internal_dynamic_resizing@@SAHQAPAXIABV__crt_win32_buffer_empty_debug_info@@@Z 1000ca4e f i libucrt:argv_wildcards.obj
 0001:0000baf6       ___acrt_expand_narrow_argv_wildcards 1000caf6 f   libucrt:argv_wildcards.obj
 0001:0000bb01       ??$__acrt_convert_wcs_mbs_cp@_WDV<lambda_0fec1a7b3f42a53036604e18c2d5e07e>@@U__crt_win32_buffer_no_resizing@@@@YAHQB_WAAV?$__crt_win32_buffer@DU__crt_win32_buffer_no_resizing@@@@ABV<lambda_0fec1a7b3f42a53036604e18c2d5e07e>@@I@Z 1000cb01 f i libucrt:getmodulefilenamea.obj
 0001:0000bbc3       ?allocate@?$__crt_win32_buffer@DU__crt_win32_buffer_no_resizing@@@@QAEHI@Z 1000cbc3 f i libucrt:getmodulefilenamea.obj
 0001:0000bbea       ?set_to_nullptr@?$__crt_win32_buffer@DU__crt_win32_buffer_no_resizing@@@@QAEXXZ 1000cbea f i libucrt:getmodulefilenamea.obj
 0001:0000bbfe       ___acrt_GetModuleFileNameA 1000cbfe f   libucrt:getmodulefilenamea.obj
 0001:0000c21b       ___acrt_initialize_multibyte 1000d21b f   libucrt:mbctype.obj
 0001:0000c263       ___acrt_update_thread_multibyte_data 1000d263 f   libucrt:mbctype.obj
 0001:0000c276       __setmbcp_nolock           1000d276 f   libucrt:mbctype.obj
 0001:0000c4cb       __ismbblead                1000d4cb f   libucrt:ismbbyte.obj
 0001:0000c4e3       ___acrt_initialize_command_line 1000d4e3 f   libucrt:argv_data.obj
 0001:0000c594       ___acrt_MultiByteToWideChar 1000d594 f   libucrt:multibytetowidechar.obj
 0001:0000c64e       ___acrt_WideCharToMultiByte 1000d64e f   libucrt:widechartomultibyte.obj
 0001:0000c6ef       ___dcrt_get_narrow_environment_from_os 1000d6ef f   libucrt:get_environment_from_os.obj
 0001:0000c790       __recalloc_base            1000d790 f   libucrt:recalloc.obj
 0001:0000c810       __recalloc                 1000d810 f   libucrt:recalloc.obj
 0001:0000c9cb       ___acrt_AppPolicyGetProcessTerminationMethodInternal@4 1000d9cb f   libucrt:winapi_thunks.obj
 0001:0000ca1a       ___acrt_AreFileApisANSI@0  1000da1a f   libucrt:winapi_thunks.obj
 0001:0000ca39       ___acrt_FlsAlloc@4         1000da39 f   libucrt:winapi_thunks.obj
 0001:0000ca45       ___acrt_FlsFree@4          1000da45 f   libucrt:winapi_thunks.obj
 0001:0000ca51       ___acrt_FlsGetValue2@4     1000da51 f   libucrt:winapi_thunks.obj
 0001:0000ca5e       ___acrt_FlsGetValue@4      1000da5e f   libucrt:winapi_thunks.obj
 0001:0000ca6a       ___acrt_FlsSetValue@8      1000da6a f   libucrt:winapi_thunks.obj
 0001:0000ca76       ___acrt_InitializeCriticalSectionEx@12 1000da76 f   libucrt:winapi_thunks.obj
 0001:0000ca82       ___acrt_LCMapStringEx@36   1000da82 f   libucrt:winapi_thunks.obj
 0001:0000cadf       ___acrt_LocaleNameToLCID@8 1000dadf f   libucrt:winapi_thunks.obj
 0001:0000cb10       ___acrt_initialize_winapi_thunks 1000db10 f   libucrt:winapi_thunks.obj
 0001:0000cb33       ___acrt_tls2_supported     1000db33 f   libucrt:winapi_thunks.obj
 0001:0000cb64       ___acrt_uninitialize_winapi_thunks 1000db64 f   libucrt:winapi_thunks.obj
 0001:0000cba0       __get_heap_handle          1000dba0 f   libucrt:heap_handle.obj
 0001:0000cbb0       ___acrt_initialize_heap    1000dbb0 f   libucrt:heap_handle.obj
 0001:0000cbd0       ___acrt_uninitialize_heap  1000dbd0 f   libucrt:heap_handle.obj
 0001:0000cbe0       ___acrt_getheap            1000dbe0 f   libucrt:heap_handle.obj
 0001:0000cbe6       ___acrt_execute_initializers 1000dbe6 f   libucrt:shared_initialization.obj
 0001:0000cc4e       ___acrt_execute_uninitializers 1000dc4e f   libucrt:shared_initialization.obj
 0001:0000cc80       __callnewh                 1000dc80 f   libucrt:new_handler.obj
 0001:0000ccc0       ___acrt_initialize_new_handler 1000dcc0 f   libucrt:new_handler.obj
 0001:0000cce0       __query_new_handler        1000dce0 f   libucrt:new_handler.obj
 0001:0000cd40       __set_new_handler          1000dd40 f   libucrt:new_handler.obj
 0001:0000cdb0       ?_set_new_handler@@YAP6AHI@ZH@Z 1000ddb0 f   libucrt:new_handler.obj
 0001:0000cdbd       ??$__crt_fast_encode_pointer@P6AHI@Z@@YAP6AHI@ZQ6AHI@Z@Z 1000ddbd f i libucrt:new_handler.obj
 0001:0000ceae       ___acrt_get_sigabrt_handler 1000deae f   libucrt:signal.obj
 0001:0000ced5       ___acrt_initialize_signal_handlers 1000ded5 f   libucrt:signal.obj
 0001:0000cef3       _raise                     1000def3 f   libucrt:signal.obj
 0001:0000d0f0       ___acrt_has_user_matherr   1000e0f0 f   libucrt:matherr.obj
 0001:0000d110       ___acrt_initialize_user_matherr 1000e110 f   libucrt:matherr.obj
 0001:0000d120       ___acrt_invoke_user_matherr 1000e120 f   libucrt:matherr.obj
 0001:0000d331       ___acrt_stdio_flush_nolock 1000e331 f   libucrt:fflush.obj
 0001:0000d39a       __fflush_nolock            1000e39a f   libucrt:fflush.obj
 0001:0000d3ff       __flushall                 1000e3ff f   libucrt:fflush.obj
 0001:0000d410       __malloc_base              1000e410 f   libucrt:malloc_base.obj
 0001:0000d461       ?__mblen_utf8@__crt_mbstring@@YAHPBD@Z 1000e461 f   libucrt:mbrtoc32.obj
 0001:0000d4a2       ?__mbrtoc32_utf8@__crt_mbstring@@YAIPA_UPBDIPAU_Mbstatet@@AAV__crt_cached_ptd_host@@@Z 1000e4a2 f   libucrt:mbrtoc32.obj
 0001:0000d687       ?__mbrtowc_utf8@__crt_mbstring@@YAIPA_WPBDIPAU_Mbstatet@@AAV__crt_cached_ptd_host@@@Z 1000e687 f   libucrt:mbrtowc.obj
 0001:0000d6ca       ?__mbsrtowcs_utf8@__crt_mbstring@@YAIPA_WPAPBDIPAU_Mbstatet@@AAV__crt_cached_ptd_host@@@Z 1000e6ca f   libucrt:mbrtowc.obj
 0001:0000d7dd       ___acrt_GetStringTypeA     1000e7dd f   libucrt:getstringtypea.obj
 0001:0000d8db       __freea_crt                1000e8db f i libucrt:getstringtypea.obj
 0001:0000d900       __query_new_mode           1000e900 f   libucrt:new_mode.obj
 0001:0000d910       __set_new_mode             1000e910 f   libucrt:new_mode.obj
 0001:0000d93f       ___acrt_add_locale_ref     1000e93f f   libucrt:locale_refcounting.obj
 0001:0000d9bc       ___acrt_free_locale        1000e9bc f   libucrt:locale_refcounting.obj
 0001:0000db04       ___acrt_locale_add_lc_time_reference 1000eb04 f   libucrt:locale_refcounting.obj
 0001:0000db2d       ___acrt_locale_free_lc_time_if_unreferenced 1000eb2d f   libucrt:locale_refcounting.obj
 0001:0000db5e       ___acrt_locale_release_lc_time_reference 1000eb5e f   libucrt:locale_refcounting.obj
 0001:0000db87       ___acrt_release_locale_ref 1000eb87 f   libucrt:locale_refcounting.obj
 0001:0000dc08       ___acrt_update_thread_locale_data 1000ec08 f   libucrt:locale_refcounting.obj
 0001:0000dc89       __updatetlocinfoEx_nolock  1000ec89 f   libucrt:locale_refcounting.obj
 0001:0000dcd9       __fcloseall                1000ecd9 f   libucrt:closeall.obj
 0001:0000dd84       ___acrt_stdio_free_buffer_nolock 1000ed84 f   libucrt:_freebuf.obj
 0001:0000ddd0       ___acrt_fenv_get_common_round_control 1000edd0 f   libucrt:_fenvutils.obj
 0001:0000de00       ___acrt_fenv_get_control   1000ee00 f   libucrt:_fenvutils.obj
 0001:0000dfd8       ___acrt_locale_free_monetary 1000efd8 f   libucrt:initmon.obj
 0001:0000e0d6       ___acrt_locale_free_numeric 1000f0d6 f   libucrt:initnum.obj
 0001:0000e164       ___acrt_locale_free_time   1000f164 f   libucrt:inittime.obj
 0001:0000e250       _wcsncmp                   1000f250 f   libucrt:wcsncmp.obj
 0001:0000e293       ___acrt_lowio_create_handle_array 1000f293 f   libucrt:osfinfo.obj
 0001:0000e30e       ___acrt_lowio_destroy_handle_array 1000f30e f   libucrt:osfinfo.obj
 0001:0000e343       ___acrt_lowio_ensure_fh_exists 1000f343 f   libucrt:osfinfo.obj
 0001:0000e3e1       ___acrt_lowio_lock_fh      1000f3e1 f   libucrt:osfinfo.obj
 0001:0000e404       ___acrt_lowio_unlock_fh    1000f404 f   libucrt:osfinfo.obj
 0001:0000e427       __free_osfhnd              1000f427 f   libucrt:osfinfo.obj
 0001:0000e4b8       __get_osfhandle            1000f4b8 f   libucrt:osfinfo.obj
 0001:0000e530       _qsort                     1000f530 f   libucrt:qsort.obj
 0001:0000e970       _strpbrk                   1000f970 f   libucrt:strpbrk.obj
 0001:0000e9b0       __mbsdec                   1000f9b0 f   libucrt:mbsdec.obj
 0001:0000e9c7       __mbsdec_l                 1000f9c7 f   libucrt:mbsdec.obj
 0001:0000ec41       ___acrt_LCMapStringA       1000fc41 f   libucrt:lcmapstringa.obj
 0001:0000eca0       __msize_base               1000fca0 f   libucrt:msize.obj
 0001:0000ece0       __msize                    1000fce0 f   libucrt:msize.obj
 0001:0000ecf0       __realloc_base             1000fcf0 f   libucrt:realloc_base.obj
 0001:0000edad       ___acrt_DownlevelLocaleNameToLCID 1000fdad f   libucrt:lcidtoname_downlevel.obj
 0001:0000ee7b       __commit                   1000fe7b f   libucrt:commit.obj
 0001:0000f69e       __write_internal           1001069e f   libucrt:write.obj
 0001:0000f7af       __write_nolock             100107af f   libucrt:write.obj
 0001:0000f9cb       __isatty                   100109cb f   libucrt:isatty.obj
 0001:0000fa21       ?reset_and_return@__crt_mbstring@@YAIIPAU_Mbstatet@@@Z 10010a21 f   libucrt:common_utf8.obj
 0001:0000fa35       ?return_illegal_sequence@__crt_mbstring@@YAIPAU_Mbstatet@@AAV__crt_cached_ptd_host@@@Z 10010a35 f   libucrt:common_utf8.obj
 0001:0000fb7c       _fclose                    10010b7c f   libucrt:fclose.obj
 0001:0000fbb0       ___ascii_wcsnicmp          10010bb0 f   libucrt:wcsnicmp.obj
 0001:0000fc17       __query_app_type           10010c17 f   libucrt:report_runtime_error.obj
 0001:0000fc20       ___strncnt                 10010c20 f   libucrt:strncnt.obj
 0001:0000fcc1       __lseeki64_nolock_internal 10010cc1 f   libucrt:lseek.obj
 0001:0000fcdf       __putwch_nolock            10010cdf f   libucrt:putwch.obj
 0001:0000fd20       __libm_sse2_log10_precise  10010d20 f   libucrt:log10_sse2_precise.obj
 0001:0000ffd0       __ceil_no_sse41            10010fd0 f   libucrt:ceil_pentium4.obj
 0001:00010010       _ceil                      10011010 f   libucrt:ceil_pentium4.obj
 0001:00010030       __ceil_pentium4            10011030 f   libucrt:ceil_pentium4.obj
 0001:0001019e       __close_internal           1001119e f   libucrt:close.obj
 0001:00010241       __close_nolock_internal    10011241 f   libucrt:close.obj
 0001:000102e1       ?__acrt_stdio_free_stream@@YAXV__crt_stdio_stream@@@Z 100112e1 f   libucrt:stream.obj
 0001:00010320       ___ascii_strnicmp          10011320 f   libucrt:_strnicm.obj
 0001:000103a0       ___dcrt_lowio_ensure_console_output_initialized 100113a0 f   libucrt:initcon.obj
 0001:000103bf       ___dcrt_terminate_console_output 100113bf f   libucrt:initcon.obj
 0001:000103d6       ___dcrt_write_console      100113d6 f   libucrt:initcon.obj
 0001:00010430       ___libm_error_support      10011430 f   libucrt:libm_error.obj
 0001:000106d0       __CIlog10                  100116d0 f   libucrt:log10_impl.obj
 0001:0001070b       __CIlog10_default          1001170b f   libucrt:log10_impl.obj
 0001:0001071f       __log10_default            1001171f     libucrt:log10_impl.obj
 0001:000107e0       ___acrt_initialize_sse2    100117e0 f   libucrt:mathfcns.obj
 0001:000107f0       __ceil_default             100117f0 f   libucrt:ceil.obj
 0001:000108f0       __clrfp                    100118f0 f   libucrt:fpctrl.obj
 0001:00010910       __ctrlfp                   10011910 f   libucrt:fpctrl.obj
 0001:00010940       __set_statfp               10011940 f   libucrt:fpctrl.obj
 0001:000109a0       __statfp                   100119a0 f   libucrt:fpctrl.obj
 0001:000109c0       __CIlog10_pentium4         100119c0 f   libucrt:log10_pentium4.obj
 0001:000109d8       __log10_pentium4           100119d8     libucrt:log10_pentium4.obj
 0001:00010c70       __fFEXP                    10011c70 f   libucrt:87tran.obj
 0001:00010cc7       __rtinfpopse               10011cc7     libucrt:87tran.obj
 0001:00010cc9       __rtinfnpopse              10011cc9     libucrt:87tran.obj
 0001:00010cd9       __fFLN                     10011cd9     libucrt:87tran.obj
 0001:00010d8e       __rtinfpop                 10011d8e     libucrt:87tran.obj
 0001:00010d90       __rtinfnpop                10011d90     libucrt:87tran.obj
 0001:00010da0       __rtforexpinf              10011da0 f   libucrt:87tran.obj
 0001:00010dad       __ffexpm1                  10011dad     libucrt:87tran.obj
 0001:00010e60       __trandisp1                10011e60 f   libucrt:87disp.obj
 0001:00010ed5       __trandisp2                10011ed5 f   libucrt:87disp.obj
 0001:00010f6f       __rttospopde               10011f6f     libucrt:87disp.obj
 0001:00010f74       __rttospop                 10011f74     libucrt:87disp.obj
 0001:00010f80       __rtnospop                 10011f80 f   libucrt:87disp.obj
 0001:00010f90       __rttosnpop                10011f90 f   libucrt:87disp.obj
 0001:00010f91       __rtnospopde               10011f91     libucrt:87disp.obj
 0001:00010f98       __rtzeropop                10011f98     libucrt:87disp.obj
 0001:00010f9a       __rtzeronpop               10011f9a     libucrt:87disp.obj
 0001:00010fa0       __rtzerospop               10011fa0 f   libucrt:87disp.obj
 0001:00010fad       __rtonepop                 10011fad     libucrt:87disp.obj
 0001:00010fb0       __rtonenpop                10011fb0 f   libucrt:87disp.obj
 0001:00010fc0       __tosnan1                  10011fc0 f   libucrt:87disp.obj
 0001:00010ff0       __nosnan2                  10011ff0 f   libucrt:87disp.obj
 0001:00011000       __tosnan2                  10012000 f   libucrt:87disp.obj
 0001:00011030       __nan2                     10012030 f   libucrt:87disp.obj
 0001:00011070       __rtindfpop                10012070 f   libucrt:87disp.obj
 0001:00011072       __rtindfnpop               10012072     libucrt:87disp.obj
 0001:00011083       __rttosnpopde              10012083     libucrt:87disp.obj
 0001:00011090       __rtatan2inf               10012090 f   libucrt:87disp.obj
 0001:000110ad       __rtchsifneg               100120ad     libucrt:87disp.obj
 0001:000110c0       __twoToTOS                 100120c0 f   libucrt:common.obj
 0001:000110d5       __load_CW                  100120d5 f   libucrt:common.obj
 0001:000110ec       __convertTOStoQNaN         100120ec f   libucrt:common.obj
 0001:00011105       __fload_withFB             10012105 f   libucrt:common.obj
 0001:00011148       __checkTOS_withFB          10012148 f   libucrt:common.obj
 0001:0001115e       __fast_exit                1001215e f   libucrt:common.obj
 0001:0001116b       __math_exit                1001216b f   libucrt:common.obj
 0001:00011195       __check_overflow_exit      10012195 f   libucrt:common.obj
 0001:000111a9       __check_range_exit         100121a9 f   libucrt:common.obj
 0001:00011250       __startTwoArgErrorHandling 10012250 f   libucrt:genexcep.obj
 0001:00011267       __startOneArgErrorHandling 10012267 f   libucrt:genexcep.obj
 0001:000112b0       __frnd                     100122b0 f   libucrt:frnd.obj
 0001:000112d0       __except1                  100122d0 f   libucrt:fpexcept.obj
 0001:00011410       __handle_exc               10012410 f   libucrt:fpexcept.obj
 0001:00011740       __raise_exc                10012740 f   libucrt:fpexcept.obj
 0001:00011770       __raise_exc_ex             10012770 f   libucrt:fpexcept.obj
 0001:00011aa0       __set_errno_from_matherr   10012aa0 f   libucrt:fpexcept.obj
 0001:00011ae0       __umatherr                 10012ae0 f   libucrt:fpexcept.obj
 0001:00011be0       __decomp                   10012be0 f i libucrt:frexp.obj
 0001:00011cf0       __sptype                   10012cf0 f i libucrt:frexp.obj
 0001:00011d70       __powhlp                   10012d70 f   libucrt:powhlp.obj
 0001:00011f70       __87except                 10012f70 f   libucrt:87except.obj
 0001:000120b0       __fpclass                  100130b0 f   libucrt:ieeemisc.obj
 0001:00012180       __FindPESection            10013180 f   LIBCMT:pesect.obj
 0001:000121d0       __IsNonwritableInCurrentImage 100131d0 f   LIBCMT:pesect.obj
 0001:00012290       __ValidateImageBase        10013290 f   LIBCMT:pesect.obj
 0001:000122c1       ??_Etype_info@@UAEPAXI@Z   100132c1 f i LIBCMT:std_type_info_static.obj
 0001:000122c1       ??_Gtype_info@@UAEPAXI@Z   100132c1 f i LIBCMT:std_type_info_static.obj
 0001:000122e4       __EH_epilog3               100132e4 f   LIBCMT:ehprolg3.obj
 0001:000122f8       __EH_prolog3               100132f8 f   LIBCMT:ehprolg3.obj
 0001:0001232b       __EH_prolog3_catch         1001332b f   LIBCMT:ehprolg3.obj
 0001:00012370       __aulldvrm                 10013370 f   LIBCMT:ulldvrm.obj
 0001:00012405       ??3@YAXPAXI@Z              10013405 f   LIBCMT:delete_scalar_size.obj
 0001:00012420       __allmul                   10013420 f   LIBCMT:llmul.obj
 0001:00012460       __allshl                   10013460 f   LIBCMT:llshl.obj
 0001:00012480       __aulldiv                  10013480 f   LIBCMT:ulldiv.obj
 0001:000124f0       __aullrem                  100134f0 f   LIBCMT:ullrem.obj
 0001:00012570       __aullshr                  10013570 f   LIBCMT:ullshr.obj
 0001:00012590       __alloca_probe_16          10013590 f   LIBCMT:alloca16.obj
 0001:000125a6       __alloca_probe_8           100135a6     LIBCMT:alloca16.obj
 0001:000125bc       ??3@YAXPAX@Z               100135bc f   LIBCMT:delete_scalar.obj
 0001:000125d0       __filter_x86_sse2_floating_point_exception 100135d0 f   LIBCMT:x86_exception_filter.obj
 0001:000125d0       __filter_x86_sse2_floating_point_exception_default 100135d0 f   LIBCMT:x86_exception_filter.obj
 0002:00000000       __imp__IsDebuggerPresent@0 10014000     kernel32:KERNEL32.dll
 0002:00000004       __imp__GetLocalTime@4      10014004     kernel32:KERNEL32.dll
 0002:00000008       __imp__GetTickCount@0      10014008     kernel32:KERNEL32.dll
 0002:0000000c       __imp__GetModuleFileNameW@12 1001400c     kernel32:KERNEL32.dll
 0002:00000010       __imp__GetPrivateProfileStringW@24 10014010     kernel32:KERNEL32.dll
 0002:00000014       __imp__MultiByteToWideChar@24 10014014     kernel32:KERNEL32.dll
 0002:00000018       __imp__WideCharToMultiByte@32 10014018     kernel32:KERNEL32.dll
 0002:0000001c       __imp__WriteConsoleW@20    1001401c     kernel32:KERNEL32.dll
 0002:00000020       __imp__QueryPerformanceCounter@4 10014020     kernel32:KERNEL32.dll
 0002:00000024       __imp__GetCurrentProcessId@0 10014024     kernel32:KERNEL32.dll
 0002:00000028       __imp__GetCurrentThreadId@0 10014028     kernel32:KERNEL32.dll
 0002:0000002c       __imp__GetSystemTimeAsFileTime@4 1001402c     kernel32:KERNEL32.dll
 0002:00000030       __imp__InitializeSListHead@4 10014030     kernel32:KERNEL32.dll
 0002:00000034       __imp__SetUnhandledExceptionFilter@4 10014034     kernel32:KERNEL32.dll
 0002:00000038       __imp__GetStartupInfoW@4   10014038     kernel32:KERNEL32.dll
 0002:0000003c       __imp__GetModuleHandleW@4  1001403c     kernel32:KERNEL32.dll
 0002:00000040       __imp__IsProcessorFeaturePresent@4 10014040     kernel32:KERNEL32.dll
 0002:00000044       __imp__InterlockedFlushSList@4 10014044     kernel32:KERNEL32.dll
 0002:00000048       __imp__RtlUnwind@16        10014048     kernel32:KERNEL32.dll
 0002:0000004c       __imp__GetLastError@0      1001404c     kernel32:KERNEL32.dll
 0002:00000050       __imp__SetLastError@4      10014050     kernel32:KERNEL32.dll
 0002:00000054       __imp__FlsAlloc@4          10014054     kernel32:KERNEL32.dll
 0002:00000058       __imp__FlsGetValue@4       10014058     kernel32:KERNEL32.dll
 0002:0000005c       __imp__FlsSetValue@8       1001405c     kernel32:KERNEL32.dll
 0002:00000060       __imp__FlsFree@4           10014060     kernel32:KERNEL32.dll
 0002:00000064       __imp__EnterCriticalSection@4 10014064     kernel32:KERNEL32.dll
 0002:00000068       __imp__LeaveCriticalSection@4 10014068     kernel32:KERNEL32.dll
 0002:0000006c       __imp__InitializeCriticalSectionEx@12 1001406c     kernel32:KERNEL32.dll
 0002:00000070       __imp__DeleteCriticalSection@4 10014070     kernel32:KERNEL32.dll
 0002:00000074       __imp__EncodePointer@4     10014074     kernel32:KERNEL32.dll
 0002:00000078       __imp__RaiseException@16   10014078     kernel32:KERNEL32.dll
 0002:0000007c       __imp__GetCurrentProcess@0 1001407c     kernel32:KERNEL32.dll
 0002:00000080       __imp__ExitProcess@4       10014080     kernel32:KERNEL32.dll
 0002:00000084       __imp__TerminateProcess@8  10014084     kernel32:KERNEL32.dll
 0002:00000088       __imp__FreeLibrary@4       10014088     kernel32:KERNEL32.dll
 0002:0000008c       __imp__GetModuleHandleExW@12 1001408c     kernel32:KERNEL32.dll
 0002:00000090       __imp__GetProcAddress@8    10014090     kernel32:KERNEL32.dll
 0002:00000094       __imp__UnhandledExceptionFilter@4 10014094     kernel32:KERNEL32.dll
 0002:00000098       __imp__HeapAlloc@12        10014098     kernel32:KERNEL32.dll
 0002:0000009c       __imp__HeapFree@12         1001409c     kernel32:KERNEL32.dll
 0002:000000a0       __imp__GetStdHandle@4      100140a0     kernel32:KERNEL32.dll
 0002:000000a4       __imp__GetFileType@4       100140a4     kernel32:KERNEL32.dll
 0002:000000a8       __imp__FindClose@4         100140a8     kernel32:KERNEL32.dll
 0002:000000ac       __imp__FindFirstFileExW@24 100140ac     kernel32:KERNEL32.dll
 0002:000000b0       __imp__FindNextFileW@8     100140b0     kernel32:KERNEL32.dll
 0002:000000b4       __imp__IsValidCodePage@4   100140b4     kernel32:KERNEL32.dll
 0002:000000b8       __imp__GetACP@0            100140b8     kernel32:KERNEL32.dll
 0002:000000bc       __imp__GetOEMCP@0          100140bc     kernel32:KERNEL32.dll
 0002:000000c0       __imp__GetCPInfo@8         100140c0     kernel32:KERNEL32.dll
 0002:000000c4       __imp__GetCommandLineA@0   100140c4     kernel32:KERNEL32.dll
 0002:000000c8       __imp__GetCommandLineW@0   100140c8     kernel32:KERNEL32.dll
 0002:000000cc       __imp__GetEnvironmentStringsW@0 100140cc     kernel32:KERNEL32.dll
 0002:000000d0       __imp__FreeEnvironmentStringsW@4 100140d0     kernel32:KERNEL32.dll
 0002:000000d4       __imp__VirtualProtect@16   100140d4     kernel32:KERNEL32.dll
 0002:000000d8       __imp__LoadLibraryExW@12   100140d8     kernel32:KERNEL32.dll
 0002:000000dc       __imp__LCMapStringW@24     100140dc     kernel32:KERNEL32.dll
 0002:000000e0       __imp__GetProcessHeap@0    100140e0     kernel32:KERNEL32.dll
 0002:000000e4       __imp__GetStringTypeW@16   100140e4     kernel32:KERNEL32.dll
 0002:000000e8       __imp__SetStdHandle@8      100140e8     kernel32:KERNEL32.dll
 0002:000000ec       __imp__HeapSize@12         100140ec     kernel32:KERNEL32.dll
 0002:000000f0       __imp__HeapReAlloc@16      100140f0     kernel32:KERNEL32.dll
 0002:000000f4       __imp__FlushFileBuffers@4  100140f4     kernel32:KERNEL32.dll
 0002:000000f8       __imp__WriteFile@20        100140f8     kernel32:KERNEL32.dll
 0002:000000fc       __imp__GetConsoleOutputCP@0 100140fc     kernel32:KERNEL32.dll
 0002:00000100       __imp__GetConsoleMode@8    10014100     kernel32:KERNEL32.dll
 0002:00000104       __imp__SetFilePointerEx@20 10014104     kernel32:KERNEL32.dll
 0002:00000108       __imp__CloseHandle@4       10014108     kernel32:KERNEL32.dll
 0002:0000010c       __imp__CreateFileW@28      1001410c     kernel32:KERNEL32.dll
 0002:00000110       __imp__DecodePointer@4     10014110     kernel32:KERNEL32.dll
 0002:00000114       \177KERNEL32_NULL_THUNK_DATA 10014114     kernel32:KERNEL32.dll
 0002:00000118       ___guard_check_icall_fptr  10014118     LIBCMT:guard_support.obj
 0002:0000011c       ___castguard_check_failure_os_handled_fptr 1001411c     LIBCMT:guard_support.obj
 0002:00000120       ___xc_a                    10014120     LIBCMT:initializers.obj
 0002:00000128       ___xc_z                    10014128     LIBCMT:initializers.obj
 0002:0000012c       ___xi_a                    1001412c     LIBCMT:initializers.obj
 0002:00000130       ___acrt_stdio_initializer  10014130     libucrt:stdio_initializer.obj
 0002:00000134       ___acrt_multibyte_initializer 10014134     libucrt:multibyte_initializer.obj
 0002:00000138       ___acrt_tran_sse2_initializer 10014138     libucrt:sse2_initializer.obj
 0002:0000013c       ___xi_z                    1001413c     LIBCMT:initializers.obj
 0002:00000140       ___xp_a                    10014140     LIBCMT:initializers.obj
 0002:00000144       ___acrt_locale_terminator  10014144     libucrt:locale_initializer.obj
 0002:00000148       ___dcrt_console_output_terminator 10014148     libucrt:console_output_initializer.obj
 0002:0000014c       ___acrt_stdio_terminator   1001414c     libucrt:stdio_initializer.obj
 0002:00000150       ___xp_z                    10014150     LIBCMT:initializers.obj
 0002:00000154       ___xt_a                    10014154     LIBCMT:initializers.obj
 0002:00000158       ___xt_z                    10014158     LIBCMT:initializers.obj
 0002:00000160       ??_C@_1CK@BPLDJAJP@?$AAV?$AAM?$AAP?$AAr?$AAo?$AAt?$AAe?$AAc?$AAt?$AAL?$AAi?$AAc?$AAe?$AAn?$AAs@ 10014160     sdk.obj
 0002:0000018c       ??_C@_11LOCGONAA@@         1001418c     sdk.obj
 0002:00000190       ??_C@_1BI@EAIGNDDA@?$AAT?$AAe?$AAs?$AAt?$AAL?$AAi?$AAc?$AAe?$AAn?$AAs?$AAe@ 10014190     sdk.obj
 0002:000001a8       ??_C@_09OHILOMME@TimeLimit@ 100141a8     sdk.obj
 0002:000001b4       ??_C@_07EKJOEOBD@ExpDate@  100141b4     sdk.obj
 0002:000001bc       ??_C@_0N@DEAKEBCF@?$CF04d?$CF02d?$CF02d@ 100141bc     sdk.obj
 0002:000001cc       ??_C@_0N@KIALGLLC@MaxBuildDate@ 100141cc     sdk.obj
 0002:000001dc       ??_C@_07MOIONJLL@KeyHWID@  100141dc     sdk.obj
 0002:000001e4       ??_C@_06LOGFHAOM@MyHWID@   100141e4     sdk.obj
 0002:000001ec       ??_C@_0BF@LKLPJOPI@AcceptedSerialNumber@ 100141ec     sdk.obj
 0002:00000204       ??_C@_0N@CDFKGDLF@serialnumber@ 10014204     sdk.obj
 0002:00000214       ??_C@_0BI@DBABLFHD@BlackListedSerialNumber@ 10014214     sdk.obj
 0002:0000022c       ??_C@_08KAFEAHEM@UserName@ 1001422c     sdk.obj
 0002:00000238       ??_C@_05LMBPBNBJ@EMail@    10014238     sdk.obj
 0002:00000240       ??_C@_08JNHPECBG@UserData@ 10014240     sdk.obj
 0002:0000024c       ??_C@_06LNOCKLAI@myhwid@   1001424c     sdk.obj
 0002:00000254       ??_C@_0BH@MGNCJJIG@AcceptedActivationCode@ 10014254     sdk.obj
 0002:0000026c       ??_C@_0P@DDJBCCN@activationcode@ 1001426c     sdk.obj
 0002:0000027c       __pDefaultRawDllMain       1001427c     LIBCMT:dll_dllmain.obj
 0002:0000027c       __pRawDllMain              1001427c     LIBCMT:dll_dllmain.obj
 0002:00000280       __pDestructExceptionObject 10014280     libvcruntime:ehhelpers.obj
 0002:00000610       ??_C@_08EHJDFFNH@__based?$CI@ 10014610     libvcruntime:undname.obj
 0002:0000061c       ??_C@_07KOLFKCDI@__cdecl@  1001461c     libvcruntime:undname.obj
 0002:00000624       ??_C@_09IFJBGAPI@__stdcall@ 10014624     libvcruntime:undname.obj
 0002:00000630       ??_C@_0L@NPHFGOKO@__thiscall@ 10014630     libvcruntime:undname.obj
 0002:0000063c       ??_C@_0L@JMKHOMEK@__fastcall@ 1001463c     libvcruntime:undname.obj
 0002:00000648       ??_C@_0N@BCKKPABJ@__vectorcall@ 10014648     libvcruntime:undname.obj
 0002:00000658       ??_C@_0BA@NAGGFLJK@__preserve_none@ 10014658     libvcruntime:undname.obj
 0002:00000668       ??_C@_09HIJEGCPM@__clrcall@ 10014668     libvcruntime:undname.obj
 0002:00000674       ??_C@_06GHPCKEAG@__eabi@   10014674     libvcruntime:undname.obj
 0002:0000067c       ??_C@_09IOPIDJLG@__swift_1@ 1001467c     libvcruntime:undname.obj
 0002:00000688       ??_C@_09KFNFGKHF@__swift_2@ 10014688     libvcruntime:undname.obj
 0002:00000694       ??_C@_09LMMOFLDE@__swift_3@ 10014694     libvcruntime:undname.obj
 0002:000006a0       ??_C@_07JOMMBBKO@__ptr64@  100146a0     libvcruntime:undname.obj
 0002:000006a8       ??_C@_0L@PILCLIHE@__restrict@ 100146a8     libvcruntime:undname.obj
 0002:000006b4       ??_C@_0M@GFIIJFMG@__unaligned@ 100146b4     libvcruntime:undname.obj
 0002:000006c0       ??_C@_09DHDLOLLB@restrict?$CI@ 100146c0     libvcruntime:undname.obj
 0002:000006ca       ??_C@_00CNPNBAHC@@         100146ca     libvcruntime:undname.obj
 0002:000006cc       ??_C@_04NIHEBCM@?5new@     100146cc     libvcruntime:undname.obj
 0002:000006d4       ??_C@_07FPCDHGMM@?5delete@ 100146d4     libvcruntime:undname.obj
 0002:000006dc       ??_C@_01NEMOKFLO@?$DN@     100146dc     libvcruntime:undname.obj
 0002:000006e0       ??_C@_02GPIOPFAK@?$DO?$DO@ 100146e0     libvcruntime:undname.obj
 0002:000006e4       ??_C@_02FODMEDOG@?$DM?$DM@ 100146e4     libvcruntime:undname.obj
 0002:000006e8       ??_C@_01DCLJPIOD@?$CB@     100146e8     libvcruntime:undname.obj
 0002:000006ec       ??_C@_02EGOFBIJA@?$DN?$DN@ 100146ec     libvcruntime:undname.obj
 0002:000006f0       ??_C@_02FDNJECIE@?$CB?$DN@ 100146f0     libvcruntime:undname.obj
 0002:000006f4       ??_C@_02GPECMEKF@?$FL?$FN@ 100146f4     libvcruntime:undname.obj
 0002:000006f8       ??_C@_08LHJFAFGD@operator@ 100146f8     libvcruntime:undname.obj
 0002:00000704       ??_C@_02HBOOOICD@?9?$DO@   10014704     libvcruntime:undname.obj
 0002:00000708       ??_C@_01NBENCBCI@?$CK@     10014708     libvcruntime:undname.obj
 0002:0000070c       ??_C@_02ECNGHCIF@?$CL?$CL@ 1001470c     libvcruntime:undname.obj
 0002:00000710       ??_C@_02BAABKJLB@?9?9@     10014710     libvcruntime:undname.obj
 0002:00000714       ??_C@_01JOAMLHOP@?9@       10014714     libvcruntime:undname.obj
 0002:00000718       ??_C@_01MIFGBAGJ@?$CL@     10014718     libvcruntime:undname.obj
 0002:0000071c       ??_C@_01HNPIGOCE@?$CG@     1001471c     libvcruntime:undname.obj
 0002:00000720       ??_C@_03MNHNFDLC@?9?$DO?$CK@ 10014720     libvcruntime:undname.obj
 0002:00000724       ??_C@_01KMDKNFGN@?1@       10014724     libvcruntime:undname.obj
 0002:00000728       ??_C@_01FGNFDNOH@?$CF@     10014728     libvcruntime:undname.obj
 0002:0000072c       ??_C@_01MNNFJEPP@?$DM@     1001472c     libvcruntime:undname.obj
 0002:00000730       ??_C@_02EHCHHCKH@?$DM?$DN@ 10014730     libvcruntime:undname.obj
 0002:00000734       ??_C@_01PPODPGHN@?$DO@     10014734     libvcruntime:undname.obj
 0002:00000738       ??_C@_02EEKDKGMJ@?$DO?$DN@ 10014738     libvcruntime:undname.obj
 0002:0000073c       ??_C@_01IHBHIGKO@?0@       1001473c     libvcruntime:undname.obj
 0002:00000740       ??_C@_02HCKGKOFO@?$CI?$CJ@ 10014740     libvcruntime:undname.obj
 0002:00000744       ??_C@_01PJKLJHI@?$HO@      10014744     libvcruntime:undname.obj
 0002:00000748       ??_C@_01JKBOJNNK@?$FO@     10014748     libvcruntime:undname.obj
 0002:0000074c       ??_C@_01DNKMNLPK@?$HM@     1001474c     libvcruntime:undname.obj
 0002:00000750       ??_C@_02PPKAJPJL@?$CG?$CG@ 10014750     libvcruntime:undname.obj
 0002:00000754       ??_C@_02NONPIBCD@?$HM?$HM@ 10014754     libvcruntime:undname.obj
 0002:00000758       ??_C@_02FPIMKNGF@?$CK?$DN@ 10014758     libvcruntime:undname.obj
 0002:0000075c       ??_C@_02FOEOMHFC@?$CL?$DN@ 1001475c     libvcruntime:undname.obj
 0002:00000760       ??_C@_02FKMDLLOA@?9?$DN@   10014760     libvcruntime:undname.obj
 0002:00000764       ??_C@_02FJEHGPIO@?1?$DN@   10014764     libvcruntime:undname.obj
 0002:00000768       ??_C@_02FENAOKFI@?$CF?$DN@ 10014768     libvcruntime:undname.obj
 0002:0000076c       ??_C@_03IKFCCPFF@?$DO?$DO?$DN@ 1001476c     libvcruntime:undname.obj
 0002:00000770       ??_C@_03CDNPDDLA@?$DM?$DM?$DN@ 10014770     libvcruntime:undname.obj
 0002:00000774       ??_C@_02FGJGFEAB@?$CG?$DN@ 10014774     libvcruntime:undname.obj
 0002:00000778       ??_C@_02DHLNPPGH@?$HM?$DN@ 10014778     libvcruntime:undname.obj
 0002:0000077c       ??_C@_02MHEGNOJ@?$FO?$DN@  1001477c     libvcruntime:undname.obj
 0002:00000780       ??_C@_09IFPLHPGF@?$GAvftable?8@ 10014780     libvcruntime:undname.obj
 0002:0000078c       ??_C@_09BLBHBJP@?$GAvbtable?8@ 1001478c     libvcruntime:undname.obj
 0002:00000798       ??_C@_07FEEIOKP@?$GAvcall?8@ 10014798     libvcruntime:undname.obj
 0002:000007a0       ??_C@_08LLFFHHDJ@?$GAtypeof?8@ 100147a0     libvcruntime:undname.obj
 0002:000007ac       ??_C@_0BF@KDPPACIK@?$GAlocal?5static?5guard?8@ 100147ac     libvcruntime:undname.obj
 0002:000007c4       ??_C@_08OBABFOLI@?$GAstring?8@ 100147c4     libvcruntime:undname.obj
 0002:000007d0       ??_C@_0BD@JDLKDPAB@?$GAvbase?5destructor?8@ 100147d0     libvcruntime:undname.obj
 0002:000007e4       ??_C@_0BN@DEGPLNFK@?$GAvector?5deleting?5destructor?8@ 100147e4     libvcruntime:undname.obj
 0002:00000804       ??_C@_0BO@OBMKPJIG@?$GAdefault?5constructor?5closure?8@ 10014804     libvcruntime:undname.obj
 0002:00000824       ??_C@_0BN@IMDCHIKM@?$GAscalar?5deleting?5destructor?8@ 10014824     libvcruntime:undname.obj
 0002:00000844       ??_C@_0BO@PFGOCPJJ@?$GAvector?5constructor?5iterator?8@ 10014844     libvcruntime:undname.obj
 0002:00000864       ??_C@_0BN@LFPFMEDL@?$GAvector?5destructor?5iterator?8@ 10014864     libvcruntime:undname.obj
 0002:00000884       ??_C@_0CE@IKBNEHA@?$GAvector?5vbase?5constructor?5itera@ 10014884     libvcruntime:undname.obj
 0002:000008a8       ??_C@_0BL@NILFHHPC@?$GAvirtual?5displacement?5map?8@ 100148a8     libvcruntime:undname.obj
 0002:000008c4       ??_C@_0CB@JONCMFFK@?$GAeh?5vector?5constructor?5iterator@ 100148c4     libvcruntime:undname.obj
 0002:000008e8       ??_C@_0CA@GCEOPDGL@?$GAeh?5vector?5destructor?5iterator?8@ 100148e8     libvcruntime:undname.obj
 0002:00000908       ??_C@_0CH@OOJPLCPH@?$GAeh?5vector?5vbase?5constructor?5it@ 10014908     libvcruntime:undname.obj
 0002:00000930       ??_C@_0BL@LLKPOHJI@?$GAcopy?5constructor?5closure?8@ 10014930     libvcruntime:undname.obj
 0002:0000094c       ??_C@_0BA@KBCDOMBN@?$GAudt?5returning?8@ 1001494c     libvcruntime:undname.obj
 0002:0000095c       ??_C@_03KLGMFNMG@?$GAEH@   1001495c     libvcruntime:undname.obj
 0002:00000960       ??_C@_05KHLCHHI@?$GARTTI@  10014960     libvcruntime:undname.obj
 0002:00000968       ??_C@_0BA@KKLDJDLB@?$GAlocal?5vftable?8@ 10014968     libvcruntime:undname.obj
 0002:00000978       ??_C@_0CE@IIHCMGGL@?$GAlocal?5vftable?5constructor?5clos@ 10014978     libvcruntime:undname.obj
 0002:0000099c       ??_C@_06FHBGPFGH@?5new?$FL?$FN@ 1001499c     libvcruntime:undname.obj
 0002:000009a4       ??_C@_09LBNFPBCA@?5delete?$FL?$FN@ 100149a4     libvcruntime:undname.obj
 0002:000009b0       ??_C@_0P@HJKNJFNN@?$GAomni?5callsig?8@ 100149b0     libvcruntime:undname.obj
 0002:000009c0       ??_C@_0BL@CNOONJFP@?$GAplacement?5delete?5closure?8@ 100149c0     libvcruntime:undname.obj
 0002:000009dc       ??_C@_0BN@CKNJLHMB@?$GAplacement?5delete?$FL?$FN?5closure?8@ 100149dc     libvcruntime:undname.obj
 0002:000009fc       ??_C@_0CG@CFDHKGGD@?$GAmanaged?5vector?5constructor?5ite@ 100149fc     libvcruntime:undname.obj
 0002:00000a24       ??_C@_0CF@IMGKMJNO@?$GAmanaged?5vector?5destructor?5iter@ 10014a24     libvcruntime:undname.obj
 0002:00000a4c       ??_C@_0CG@HLDDJMAG@?$GAeh?5vector?5copy?5constructor?5ite@ 10014a4c     libvcruntime:undname.obj
 0002:00000a74       ??_C@_0CM@FCBBDIGB@?$GAeh?5vector?5vbase?5copy?5construct@ 10014a74     libvcruntime:undname.obj
 0002:00000aa0       ??_C@_0BL@CLIPGLGB@?$GAdynamic?5initializer?5for?5?8@ 10014aa0     libvcruntime:undname.obj
 0002:00000abc       ??_C@_0CB@PDBIFEP@?$GAdynamic?5atexit?5destructor?5for?5@ 10014abc     libvcruntime:undname.obj
 0002:00000ae0       ??_C@_0CD@CGAJBKEJ@?$GAvector?5copy?5constructor?5iterat@ 10014ae0     libvcruntime:undname.obj
 0002:00000b04       ??_C@_0CJ@GJELGAMM@?$GAvector?5vbase?5copy?5constructor?5@ 10014b04     libvcruntime:undname.obj
 0002:00000b30       ??_C@_0CL@FGIJHLCE@?$GAmanaged?5vector?5copy?5constructo@ 10014b30     libvcruntime:undname.obj
 0002:00000b5c       ??_C@_0BM@PMGGMLDN@?$GAlocal?5static?5thread?5guard?8@ 10014b5c     libvcruntime:undname.obj
 0002:00000b78       ??_C@_0N@BDNMDMOL@operator?5?$CC?$CC?5@ 10014b78     libvcruntime:undname.obj
 0002:00000b88       ??_C@_0BC@GGEBGALA@operator?5co_await@ 10014b88     libvcruntime:undname.obj
 0002:00000b9c       ??_C@_0M@GAAIMMOH@operator?$DM?$DN?$DO@ 10014b9c     libvcruntime:undname.obj
 0002:00000ba8       ??_C@_0BC@DAFEJGAK@?5Type?5Descriptor?8@ 10014ba8     libvcruntime:undname.obj
 0002:00000bbc       ??_C@_0BM@LDKODKLH@?5Base?5Class?5Descriptor?5at?5?$CI@ 10014bbc     libvcruntime:undname.obj
 0002:00000bd8       ??_C@_0BD@LGICGFMM@?5Base?5Class?5Array?8@ 10014bd8     libvcruntime:undname.obj
 0002:00000bec       ??_C@_0BN@MECKDCOJ@?5Class?5Hierarchy?5Descriptor?8@ 10014bec     libvcruntime:undname.obj
 0002:00000c0c       ??_C@_0BK@CFCOFLF@?5Complete?5Object?5Locator?8@ 10014c0c     libvcruntime:undname.obj
 0002:00000c28       ??_C@_0BG@JNJLAMPM@?$GAanonymous?5namespace?8@ 10014c28     libvcruntime:undname.obj
 0002:00000c44       ??_7exception@std@@6B@     10014c44     libvcruntime:frame.obj
 0002:00000c4c       ??_C@_0BC@EOODALEL@Unknown?5exception@ 10014c4c     libvcruntime:frame.obj
 0002:00000c64       ??_7bad_exception@std@@6B@ 10014c64     libvcruntime:frame.obj
 0002:00000c6c       ??_C@_0O@DPKOEFFH@bad?5exception@ 10014c6c     libvcruntime:frame.obj
 0002:00000c80       ?large_power_data@?1??multiply_by_power_of_ten@__crt_strtox@@YA_NAAUbig_integer@2@I@Z@4QBIB 10014c80     libucrt:input.obj
 0002:00001588       ?large_power_indices@?1??multiply_by_power_of_ten@__crt_strtox@@YA_NAAUbig_integer@2@I@Z@4QBUunpack_index@?1??12@YA_N0I@Z@B 10015588     libucrt:input.obj
 0002:00001620       ?small_powers_of_ten@?1??multiply_by_power_of_ten@__crt_strtox@@YA_NAAUbig_integer@2@I@Z@4QBIB 10015620     libucrt:input.obj
 0002:00001648       ??_C@_1GE@DPGDJKLM@?$AAm?$AAi?$AAn?$AAk?$AAe?$AAr?$AAn?$AAe?$AAl?$AA?2?$AAc?$AAr?$AAt?$AAs?$AA?2@ 10015648     libucrt:input.obj
 0002:000016b0       ??_C@_1FM@FELNCOBF@?$AA_?$AA_?$AAc?$AAr?$AAt?$AA_?$AAs?$AAt?$AAr?$AAt?$AAo?$AAx?$AA?3?$AA?3?$AAf@ 100156b0     libucrt:input.obj
 0002:0000170c       ??_C@_1BG@GEMHBGAF@?$AA_?$AAi?$AAs?$AA_?$AAd?$AAo?$AAu?$AAb?$AAl?$AAe@ 1001570c     libucrt:input.obj
 0002:00001728       ??_C@_1FK@JOJELFFO@?$AA_?$AA_?$AAc?$AAr?$AAt?$AA_?$AAs?$AAt?$AAr?$AAt?$AAo?$AAx?$AA?3?$AA?3?$AAf@ 10015728     libucrt:input.obj
 0002:00001784       ??_C@_1BI@BANMPGJI@?$AA?$CB?$AA_?$AAi?$AAs?$AA_?$AAd?$AAo?$AAu?$AAb?$AAl?$AAe@ 10015784     libucrt:input.obj
 0002:000017a0       ?constraints@?1??is_length_valid@__crt_stdio_input@@YA_NW4conversion_mode@2@W4length_modifier@2@@Z@4QAY0M@$$CBEA 100157a0     libucrt:input.obj
 0002:00001818       ?inf_uppercase@?1???$parse_floating_point_possible_infinity@DV?$input_adapter_character_source@V?$string_input_adapter@D@__crt_stdio_input@@@__crt_strtox@@_K@__crt_strtox@@YA?AW4floating_point_parse_result@1@AADAAV?$input_adapter_character_source@V?$string_input_adapter@D@__crt_stdio_input@@@1@_K@Z@4QBDB 10015818     libucrt:input.obj
[...]
 0002:00004ce0       Magic                      10018ce0     libucrt:log10_sse2_precise.obj
 0002:00004cf0       hi_mask                    10018cf0     libucrt:log10_sse2_precise.obj
 0002:00004d00       LOG10_2                    10018d00     libucrt:log10_sse2_precise.obj
 0002:00004d10       place_L                    10018d10     libucrt:log10_sse2_precise.obj
 0002:00004d30       One                        10018d30     libucrt:log10_sse2_precise.obj
 0002:00004d40       Zero                       10018d40     libucrt:log10_sse2_precise.obj
 0002:00004d50       Two52                      10018d50     libucrt:log10_sse2_precise.obj
 0002:00004d60       Infs                       10018d60     libucrt:log10_sse2_precise.obj
 0002:00004d70       NaN                        10018d70     libucrt:log10_sse2_precise.obj
 0002:00004d80       coeff                      10018d80     libucrt:log10_sse2_precise.obj
 0002:00004dc0       _One                       10018dc0     libucrt:ceil_pentium4.obj
 0002:00004dd0       _Bns                       10018dd0     libucrt:ceil_pentium4.obj
 0002:00004de0       _Zero                      10018de0     libucrt:ceil_pentium4.obj
 0002:00004df0       _S                         10018df0     libucrt:ceil_pentium4.obj
 0002:00004e00       _NegZero                   10018e00     libucrt:ceil_pentium4.obj
 0002:00004e50       LOG_name                   10018e50     libucrt:log10_impl.obj
 0002:00005680       _over                      10019680     libucrt:fpctrl.obj
 0002:0000568c       _under                     1001968c     libucrt:fpctrl.obj
 0002:000056a0       emask                      100196a0     libucrt:log10_pentium4.obj
 0002:000056b0       CC                         100196b0     libucrt:log10_pentium4.obj
 0002:000056c0       Magic                      100196c0     libucrt:log10_pentium4.obj
 0002:000056d0       hi_mask                    100196d0     libucrt:log10_pentium4.obj
 0002:000056e0       LOG10_2                    100196e0     libucrt:log10_pentium4.obj
 0002:000056f0       place_L                    100196f0     libucrt:log10_pentium4.obj
 0002:00005710       One                        10019710     libucrt:log10_pentium4.obj
 0002:00005720       Zero                       10019720     libucrt:log10_pentium4.obj
 0002:00005730       Two52                      10019730     libucrt:log10_pentium4.obj
 0002:00005740       Infs                       10019740     libucrt:log10_pentium4.obj
 0002:00005750       NaN                        10019750     libucrt:log10_pentium4.obj
 0002:00005760       coeff                      10019760     libucrt:log10_pentium4.obj
 0002:000057be       _log2max                   100197be     libucrt:87tran.obj
 0002:000057c8       _smallarg                  100197c8     libucrt:87tran.obj
 0002:000057d2       _half                      100197d2     libucrt:87tran.obj
 0002:0000581e       One                        1001981e     libucrt:87disp.obj
 0002:00005826       Three                      10019826     libucrt:87disp.obj
 0002:0000582e       XAMtoTagTab                1001982e     libucrt:87disp.obj
 0002:00005840       One                        10019840     libucrt:common.obj
 0002:00005854       DblMax                     10019854     libucrt:common.obj
 0002:0000585c       DblMin                     1001985c     libucrt:common.obj
 0002:00005864       IeeeAdjO                   10019864     libucrt:common.obj
 0002:0000586c       IeeeAdjU                   1001986c     libucrt:common.obj
 0002:00005874       _infinity                  10019874     libucrt:common.obj
 0002:0000587c       _zero                      1001987c     libucrt:common.obj
 0002:00005888       ?_names@?1??_get_fname@@9@4QBU<unnamed-type-_names>@?1??1@YAPADI@Z@B 10019888     libucrt:fpexcept.obj
 0002:00005ff8       __sehtable$?dllmain_crt_process_attach@@YAHQAUHINSTANCE__@@QAX@Z 10019ff8     LIBCMT:dll_dllmain.obj
 0002:00006018       __sehtable$?dllmain_crt_process_detach@@YAH_N@Z 1001a018     LIBCMT:dll_dllmain.obj
 0002:00006040       __sehtable$?dllmain_dispatch@@YAHQAUHINSTANCE__@@KQAX@Z 1001a040     LIBCMT:dll_dllmain.obj
 0002:00006060       __sehtable$___scrt_is_nonwritable_in_current_image 1001a060     LIBCMT:utility.obj
 0002:00006080       __sehtable$___DestructExceptionObject 1001a080     libvcruntime:ehhelpers.obj
 0002:000060a0       __sehtable$?FrameUnwindToState@__FrameHandler3@@SAXPAUEHRegistrationNode@@PAXPBU_s_FuncInfo@@H@Z 1001a0a0     libvcruntime:frame.obj
 0002:000060c8       __sehtable$?CallCatchBlock@@YAPAXPAUEHExceptionRecord@@PAUEHRegistrationNode@@PAU_CONTEXT@@PBU_s_FuncInfo@@PAXHK@Z 1001a0c8     libvcruntime:frame.obj
 0002:000060f0       __catchsym$?CallUnexpected@@YAXPBU_s_ESTypeList@@@Z$2 1001a0f0     libvcruntime:frame.obj
 0002:00006100       __unwindtable$?CallUnexpected@@YAXPBU_s_ESTypeList@@@Z 1001a100     libvcruntime:frame.obj
 0002:00006110       __tryblocktable$?CallUnexpected@@YAXPBU_s_ESTypeList@@@Z 1001a110     libvcruntime:frame.obj
 0002:00006124       __ehfuncinfo$?CallUnexpected@@YAXPBU_s_ESTypeList@@@Z 1001a124     libvcruntime:frame.obj
 0002:00006148       __sehtable$??$BuildCatchObjectHelperInternal@V__FrameHandler3@@@@YAHPAUEHExceptionRecord@@PAXPBU_s_HandlerType@@PBU_s_CatchableType@@@Z 1001a148     libvcruntime:frame.obj
 0002:00006168       __sehtable$??$BuildCatchObjectInternal@V__FrameHandler3@@@@YAXPAUEHExceptionRecord@@PAXPBU_s_HandlerType@@PBU_s_CatchableType@@@Z 1001a168     libvcruntime:frame.obj
 0002:000061d8       __ehfuncinfo$?write_double_translated_ansi_nolock@@YA?AUwrite_result@?A0x17268360@@HQBDIAAV__crt_cached_ptd_host@@@Z 1001a1d8     libucrt:write.obj
 0002:000061d8       __ehfuncinfo$?try_cor_exit_process@@YAXI@Z 1001a1d8     libucrt:exit.obj
 0002:000061fc       __unwindtable$?common_exit@@YAXHW4_crt_exit_cleanup_mode@@W4_crt_exit_return_mode@@@Z 1001a1fc     libucrt:exit.obj
 0002:00006204       __ehfuncinfo$?common_exit@@YAXHW4_crt_exit_cleanup_mode@@W4_crt_exit_return_mode@@@Z 1001a204     libucrt:exit.obj
 0002:00006228       __sehtable$??R<lambda_6e4b09c48022b2350581041d5f6b0c4c>@@QBE@XZ 1001a228     libucrt:exit.obj
 0002:00006248       __sehtable$??$?RV<lambda_03b1d95aef87969028cfba75ccab2455>@@AAV<lambda_6e4b09c48022b2350581041d5f6b0c4c>@@V<lambda_22bdf7517842c4b3e53723af5aa32b9e>@@@?$__crt_seh_guarded_call@X@@QAEX$$QAV<lambda_03b1d95aef87969028cfba75ccab2455>@@AAV<lambda_6e4b09c48022b2350581041d5f6b0c4c>@@$$QAV<lambda_22bdf7517842c4b3e53723af5aa32b9e>@@@Z 1001a248     libucrt:exit.obj
 0002:00006264       __unwindtable$___dcrt_uninitialize_environments_nolock 1001a264     libucrt:environment_initialization.obj
 0002:00006264       __unwindtable$___acrt_getptd_noexit 1001a264     libucrt:per_thread_data.obj
 0002:00006274       __ehfuncinfo$___dcrt_uninitialize_environments_nolock 1001a274     libucrt:environment_initialization.obj
 0002:00006274       __ehfuncinfo$___acrt_getptd_noexit 1001a274     libucrt:per_thread_data.obj
 0002:00006298       __unwindtable$___acrt_freeptd 1001a298     libucrt:per_thread_data.obj
 0002:00006298       __unwindtable$___acrt_getptd_head 1001a298     libucrt:per_thread_data.obj
 0002:00006298       __unwindtable$___acrt_getptd_noexit_explicit 1001a298     libucrt:per_thread_data.obj
 0002:00006298       __unwindtable$__execute_onexit_table 1001a298     libucrt:onexit.obj
 0002:000062a0       __ehfuncinfo$___acrt_freeptd 1001a2a0     libucrt:per_thread_data.obj
 0002:000062a0       __ehfuncinfo$___acrt_getptd_head 1001a2a0     libucrt:per_thread_data.obj
 0002:000062a0       __ehfuncinfo$___acrt_getptd_noexit_explicit 1001a2a0     libucrt:per_thread_data.obj
 0002:000062a0       __ehfuncinfo$__execute_onexit_table 1001a2a0     libucrt:onexit.obj
 0002:000062c8       __sehtable$??$?RV<lambda_69a2805e680e0e292e8ba93315fe43a8>@@AAV<lambda_f03950bc5685219e0bcd2087efbe011e>@@V<lambda_03fcd07e894ec930e3f35da366ca99d6>@@@?$__crt_seh_guarded_call@H@@QAEH$$QAV<lambda_69a2805e680e0e292e8ba93315fe43a8>@@AAV<lambda_f03950bc5685219e0bcd2087efbe011e>@@$$QAV<lambda_03fcd07e894ec930e3f35da366ca99d6>@@@Z 1001a2c8     libucrt:onexit.obj
 0002:000062e8       __sehtable$_terminate      1001a2e8     libucrt:terminate.obj
 0002:00006308       __sehtable$??$?RV<lambda_15ade71b0218206bbe3333a0c9b79046>@@AAV<lambda_da44e0f8b0f19ba52fefafb335991732>@@V<lambda_207f2d024fc103971653565357d6cd41>@@@?$__crt_seh_guarded_call@X@@QAEX$$QAV<lambda_15ade71b0218206bbe3333a0c9b79046>@@AAV<lambda_da44e0f8b0f19ba52fefafb335991732>@@$$QAV<lambda_207f2d024fc103971653565357d6cd41>@@@Z 1001a308     libucrt:per_thread_data.obj
 0002:00006328       __sehtable$??$?RV<lambda_a7e850c220f1c8d1e6efeecdedd162c6>@@AAV<lambda_46720907175c18b6c9d2717bc0d2d362>@@V<lambda_9048902d66e8d99359bc9897bbb930a8>@@@?$__crt_seh_guarded_call@X@@QAEX$$QAV<lambda_a7e850c220f1c8d1e6efeecdedd162c6>@@AAV<lambda_46720907175c18b6c9d2717bc0d2d362>@@$$QAV<lambda_9048902d66e8d99359bc9897bbb930a8>@@@Z 1001a328     libucrt:per_thread_data.obj
 0002:00006348       __sehtable$??$?RV<lambda_38edbb1296d33220d7e4dd0ed76b244a>@@AAV<lambda_5ce1d447e08cb34b2473517608e21441>@@V<lambda_fb385d3da700c9147fc39e65dd577a8c>@@@?$__crt_seh_guarded_call@X@@QAEX$$QAV<lambda_38edbb1296d33220d7e4dd0ed76b244a>@@AAV<lambda_5ce1d447e08cb34b2473517608e21441>@@$$QAV<lambda_fb385d3da700c9147fc39e65dd577a8c>@@@Z 1001a348     libucrt:per_thread_data.obj
 0002:00006368       __sehtable$??$?RV<lambda_6affb1475c98b40b75cdec977db92e3c>@@AAV<lambda_b8d4b9c228a6ecc3f80208dbb4b4a104>@@V<lambda_608742c3c92a14382c1684fc64f96c88>@@@?$__crt_seh_guarded_call@X@@QAEX$$QAV<lambda_6affb1475c98b40b75cdec977db92e3c>@@AAV<lambda_b8d4b9c228a6ecc3f80208dbb4b4a104>@@$$QAV<lambda_608742c3c92a14382c1684fc64f96c88>@@@Z 1001a368     libucrt:per_thread_data.obj
 0002:00006388       __sehtable$??$?RV<lambda_e5124f882df8998aaf41531e079ba474>@@AAV<lambda_3e16ef9562a7dcce91392c22ab16ea36>@@V<lambda_e25ca0880e6ef98be67edffd8c599615>@@@?$__crt_seh_guarded_call@X@@QAEX$$QAV<lambda_e5124f882df8998aaf41531e079ba474>@@AAV<lambda_3e16ef9562a7dcce91392c22ab16ea36>@@$$QAV<lambda_e25ca0880e6ef98be67edffd8c599615>@@@Z 1001a388     libucrt:wsetlocale.obj
 0002:000063a8       __sehtable$___acrt_initialize_lowio 1001a3a8     libucrt:ioinit.obj
 0002:000063c8       __sehtable$?update_thread_multibyte_data_internal@@YAPAU__crt_multibyte_data@@QAU__acrt_ptd@@QAPAU1@@Z 1001a3c8     libucrt:mbctype.obj
 0002:000063e8       __sehtable$??$?RV<lambda_ceb1ee4838e85a9d631eb091e2fbe199>@@AAV<lambda_ae742caa10f662c28703da3d2ea5e57e>@@V<lambda_cd08b5d6af4937fe54fc07d0c9bf6b37>@@@?$__crt_seh_guarded_call@X@@QAEX$$QAV<lambda_ceb1ee4838e85a9d631eb091e2fbe199>@@AAV<lambda_ae742caa10f662c28703da3d2ea5e57e>@@$$QAV<lambda_cd08b5d6af4937fe54fc07d0c9bf6b37>@@@Z 1001a3e8     libucrt:mbctype.obj
 0002:00006408       __sehtable$__set_new_handler 1001a408     libucrt:new_handler.obj
 0002:00006428       __sehtable$__query_new_handler 1001a428     libucrt:new_handler.obj
 0002:00006448       __sehtable$_raise          1001a448     libucrt:signal.obj
 0002:00006468       __sehtable$??$?RV<lambda_cbab9ec6f41b0180b23cc171c22676b0>@@AAV<lambda_44731a7d0e6d81c3e6aa82d741081786>@@V<lambda_4b292cb8dd18144e164572427af410ab>@@@?$__crt_seh_guarded_call@P6AXH@Z@@QAEP6AXH@Z$$QAV<lambda_cbab9ec6f41b0180b23cc171c22676b0>@@AAV<lambda_44731a7d0e6d81c3e6aa82d741081786>@@$$QAV<lambda_4b292cb8dd18144e164572427af410ab>@@@Z 1001a468     libucrt:signal.obj
 0002:00006488       __sehtable$??$?RV<lambda_2866be3712abc81a800a822484c830d8>@@AAV<lambda_39ca0ed439415581b5b15c265174cece>@@V<lambda_2b24c74d71094a6cd0cb82e44167d71b>@@@?$__crt_seh_guarded_call@X@@QAEX$$QAV<lambda_2866be3712abc81a800a822484c830d8>@@AAV<lambda_39ca0ed439415581b5b15c265174cece>@@$$QAV<lambda_2b24c74d71094a6cd0cb82e44167d71b>@@@Z 1001a488     libucrt:fflush.obj
 0002:000064a8       __sehtable$??$?RV<lambda_2cc53f568c5a2bb6f192f930a45d44ea>@@AAV<lambda_ab61a845afdef5b7c387490eaf3616ee>@@V<lambda_c2ffc0b7726aa6be21d5f0026187e748>@@@?$__crt_seh_guarded_call@X@@QAEX$$QAV<lambda_2cc53f568c5a2bb6f192f930a45d44ea>@@AAV<lambda_ab61a845afdef5b7c387490eaf3616ee>@@$$QAV<lambda_c2ffc0b7726aa6be21d5f0026187e748>@@@Z 1001a4a8     libucrt:fflush.obj
 0002:000064c8       __sehtable$___acrt_update_thread_locale_data 1001a4c8     libucrt:locale_refcounting.obj
 0002:000064e8       __sehtable$__fcloseall     1001a4e8     libucrt:closeall.obj
 0002:00006508       __sehtable$___acrt_lowio_ensure_fh_exists 1001a508     libucrt:osfinfo.obj
 0002:00006528       __sehtable$??$?RV<lambda_9e9de3de5fa147e2223d7db92bc10aa6>@@AAV<lambda_38ce7e780aa69e748d6df282ebc68efe>@@V<lambda_8ca6da459f0f6780f1cff60fdc3d00e5>@@@?$__crt_seh_guarded_call@H@@QAEH$$QAV<lambda_9e9de3de5fa147e2223d7db92bc10aa6>@@AAV<lambda_38ce7e780aa69e748d6df282ebc68efe>@@$$QAV<lambda_8ca6da459f0f6780f1cff60fdc3d00e5>@@@Z 1001a528     libucrt:commit.obj
 0002:00006548       __sehtable$__write_internal 1001a548     libucrt:write.obj
 0002:00006568       __sehtable$?_fclose_internal@@YAHQAU_iobuf@@AAV__crt_cached_ptd_host@@@Z 1001a568     libucrt:fclose.obj
 0002:00006588       __sehtable$??$?RV<lambda_d422a76eb4c3bf3ad751449ab71a6ea4>@@AAV<lambda_c9ba49e555ba839a7b07aa3fbecb7617>@@V<lambda_9476263c8ee91a25d21c55370bdb50de>@@@?$__crt_seh_guarded_call@H@@QAEH$$QAV<lambda_d422a76eb4c3bf3ad751449ab71a6ea4>@@AAV<lambda_c9ba49e555ba839a7b07aa3fbecb7617>@@$$QAV<lambda_9476263c8ee91a25d21c55370bdb50de>@@@Z 1001a588     libucrt:close.obj
 0002:000065a8       __sehtable$__IsNonwritableInCurrentImage 1001a5a8     LIBCMT:pesect.obj
 0002:000065d0       .edata                     1001a5d0     VMProtectSDK32.exp
 0002:000065f8       rgpv                       1001a5f8     VMProtectSDK32.exp
 0002:00006650       rgszName                   1001a650     VMProtectSDK32.exp
 0002:000066a8       rgwOrd                     1001a6a8     VMProtectSDK32.exp
 0002:000066d4       szName                     1001a6d4     VMProtectSDK32.exp
 0002:000066e7       $N00001                    1001a6e7     VMProtectSDK32.exp
 0002:00006700       $N00002                    1001a700     VMProtectSDK32.exp
 0002:0000670f       $N00003                    1001a70f     VMProtectSDK32.exp
 0002:00006726       $N00004                    1001a726     VMProtectSDK32.exp
 0002:0000673a       $N00005                    1001a73a     VMProtectSDK32.exp
 0002:00006757       $N00006                    1001a757     VMProtectSDK32.exp
 0002:00006774       $N00007                    1001a774     VMProtectSDK32.exp
 0002:0000679a       $N00008                    1001a79a     VMProtectSDK32.exp
 0002:000067b5       $N00009                    1001a7b5     VMProtectSDK32.exp
 0002:000067cd       $N00010                    1001a7cd     VMProtectSDK32.exp
 0002:000067e5       $N00011                    1001a7e5     VMProtectSDK32.exp
 0002:000067f2       $N00012                    1001a7f2     VMProtectSDK32.exp
 0002:00006806       $N00013                    1001a806     VMProtectSDK32.exp
 0002:0000681e       $N00014                    1001a81e     VMProtectSDK32.exp
 0002:00006842       $N00015                    1001a842     VMProtectSDK32.exp
 0002:00006868       $N00016                    1001a868     VMProtectSDK32.exp
 0002:00006885       $N00017                    1001a885     VMProtectSDK32.exp
 0002:000068a3       $N00018                    1001a8a3     VMProtectSDK32.exp
 0002:000068be       $N00019                    1001a8be     VMProtectSDK32.exp
 0002:000068d3       $N00020                    1001a8d3     VMProtectSDK32.exp
 0002:000068ec       $N00021                    1001a8ec     VMProtectSDK32.exp
 0002:0000690d       $N00022                    1001a90d     VMProtectSDK32.exp
 0002:00006afa       .idata$6                   1001aafa     kernel32:KERNEL32.dll
 0003:00000060       ?__vcrt_flsindex@@3KA      1001b060     libvcruntime:per_thread_data.obj
 0003:00000090       ?errno_no_memory@@3HA      1001b090     libucrt:errno.obj
 0003:00000094       ?doserrno_no_memory@@3KA   1001b094     libucrt:errno.obj
 0003:00000098       ?__acrt_flsindex@@3KA      1001b098     libucrt:per_thread_data.obj
 0003:00000430       __mbctypes                 1001b430     libucrt:mbctype.obj
 0003:00000538       __mbcasemaps               1001b538     libucrt:mbctype.obj
 0003:00000638       ?__rgctypeflag@@3PADA      1001b638     libucrt:mbctype.obj
 0003:00000640       ?__rgcode_page_info@@3PAUcode_page_info@@A 1001b640     libucrt:mbctype.obj
 0003:00000890       ?__dcrt_lowio_console_output_handle@@3PAXA 1001b890     libucrt:initcon.obj
 0003:00000920       ?__proc_attached@@3HA      1001b920     LIBCMT:dll_dllmain.obj
 0003:00000940       ?is_initialized_as_dll@@3_NA 1001b940     LIBCMT:utility.obj
 0003:00000941       ?module_local_atexit_table_initialized@@3_NA 1001b941     LIBCMT:utility.obj
 0003:00000944       ?module_local_atexit_table@@3U_onexit_table_t@@A 1001b944     LIBCMT:utility.obj
 0003:00000950       ?module_local_at_quick_exit_table@@3U_onexit_table_t@@A 1001b950     LIBCMT:utility.obj
 0003:00000970       ?__vcrt_startup_thread_ptd@@3U__vcrt_ptd@@A 1001b970     libvcruntime:per_thread_data.obj
 0003:00000998       ___vcrt_lock_table         1001b998     libvcruntime:locks.obj
 0003:000009b0       ___vcrt_locks_initialized  1001b9b0     libvcruntime:locks.obj
 0003:000009b8       ?c_termination_complete@@3JA 1001b9b8     libucrt:exit.obj
 0003:000009bc       ?thread_local_exit_callback_func@@3P6GXPAXK0@ZA 1001b9bc     libucrt:exit.obj
 0003:000009c0       ?c_exit_complete@?1???R<lambda_6e4b09c48022b2350581041d5f6b0c4c>@@QBE@XZ@4_NA 1001b9c0     libucrt:exit.obj
 0003:000009c8       ?program_name@?1???$common_configure_argv@D@@YAHW4_crt_argv_mode@@@Z@4PADA 1001b9c8     libucrt:argv_parsing.obj
 0003:00000af8       ?__acrt_invalid_parameter_handler@@3V?$dual_state_global@P6AXPB_W00II@Z@__crt_state_management@@A 1001baf8     libucrt:invalid_parameter.obj
 0003:00000afc       ?internal_state@?1??_mbtowc_internal@@9@4U_Mbstatet@@A 1001bafc     libucrt:mbtowc.obj
 0003:00000d20       ?__acrt_lock_table@@3PAU_RTL_CRITICAL_SECTION@@A 1001bd20     libucrt:locks.obj
 0003:00000e88       ?__acrt_locks_initialized@@3IA 1001be88     libucrt:locks.obj
 0003:00000e98       ?fSystemSet@@3HA           1001be98     libucrt:mbctype.obj
 0003:00000e9c       ?initialized@?1??__acrt_initialize_multibyte@@9@4_NA 1001be9c     libucrt:mbctype.obj
 0003:00000eb8       ?module_handles@@3PAPAUHINSTANCE__@@A 1001beb8     libucrt:winapi_thunks.obj
 0003:00000f18       ?__acrt_new_handler@@3V?$dual_state_global@P6AHI@Z@__crt_state_management@@A 1001bf18     libucrt:new_handler.obj
 0003:00000f1c       ?ctrlc_action@@3V?$dual_state_global@P6AXH@Z@__crt_state_management@@A 1001bf1c     libucrt:signal.obj
 0003:00000f20       ?ctrlbreak_action@@3V?$dual_state_global@P6AXH@Z@__crt_state_management@@A 1001bf20     libucrt:signal.obj
 0003:00000f24       ?abort_action@@3V?$dual_state_global@P6AXH@Z@__crt_state_management@@A 1001bf24     libucrt:signal.obj
 0003:00000f28       ?term_action@@3V?$dual_state_global@P6AXH@Z@__crt_state_management@@A 1001bf28     libucrt:signal.obj
 0003:00000f2c       ?user_matherr@@3V?$dual_state_global@P6AHPAU_exception@@@Z@__crt_state_management@@A 1001bf2c     libucrt:matherr.obj
 0003:00000f38       ?internal_pst@?1??__mbrtoc32_utf8@__crt_mbstring@@YAIPA_UPBDIPAU_Mbstatet@@AAV__crt_cached_ptd_host@@@Z@4U3@A 1001bf38     libucrt:mbrtoc32.obj
 0003:00000f40       ?__acrt_global_new_mode@@3V?$dual_state_global@J@__crt_state_management@@A 1001bf40     libucrt:new_mode.obj
 0003:00000f4c       ?__acrt_app_type@@3W4_crt_app_type@@A 1001bf4c     libucrt:report_runtime_error.obj
 0003:00000f50       __pmatherr_set             1001bf50     libucrt:libm_error.obj
 0004:00000000       ?function_pointers@@3PAPAXA 1001c000     libucrt:winapi_thunks.obj
 0005:00000060       $R000000                   1001d060     * linker generated manifest res *
